[08:45:55][D][jomini_effect_impl.cpp:450]: file: common/scripted_effects/lyd_np_effects.txt line: 55 (lyd_np_initialize_effect): LYD_NP_EXISTING_VASSAL_SUBJECT
[08:48:35][D][jomini_effect_impl.cpp:450]: file: events/lyd_np_events.txt line: 15 (lyd_np.0002:immediate): LYD_NP_INITIALIZE_PASS
[09:03:15][D][jomini_effect_impl.cpp:450]: file: common/scripted_effects/lyd_np_effects.txt line: 121 (lyd_np_join_effect): LYD_NP_JOIN_APPLIED
[09:17:45][D][jomini_effect_impl.cpp:450]: file: common/scripted_effects/lyd_np_effects.txt line: 176 (lyd_np_assert_join_d1_effect): LYD_NP_JOIN_D1_PASS
[09:18:10][D][jomini_effect_impl.cpp:450]: file: common/scripted_effects/lyd_np_effects.txt line: 190 (lyd_np_assert_join_d30_effect): LYD_NP_JOIN_D30_PASS
[09:18:10][D][jomini_effect_impl.cpp:450]: file: common/scripted_effects/lyd_np_effects.txt line: 232 (lyd_np_acceptance_clear_cooldown_effect): LYD_NP_COOLDOWN_BLOCK_PASS
[09:18:10][D][jomini_effect_impl.cpp:450]: file: common/scripted_effects/lyd_np_effects.txt line: 236 (lyd_np_acceptance_clear_cooldown_effect): LYD_NP_ACCEPTANCE_ONLY_COOLDOWN_CLEARED
[09:18:10][D][jomini_effect_impl.cpp:450]: file: common/scripted_effects/lyd_np_effects.txt line: 154 (lyd_np_detach_effect): LYD_NP_DETACH_APPLIED
[09:18:11][D][jomini_effect_impl.cpp:450]: file: common/scripted_effects/lyd_np_effects.txt line: 204 (lyd_np_assert_detach_d1_effect): LYD_NP_DETACH_D1_PASS
[10:24:02][D][jomini_effect_impl.cpp:450]: file: common/scripted_effects/lyd_np_effects.txt line: 218 (lyd_np_assert_detach_d30_effect): LYD_NP_DETACH_D30_PASS
[10:24:03][D][jomini_effect_impl.cpp:450]: file: common/scripted_effects/lyd_np_effects.txt line: 232 (lyd_np_acceptance_clear_cooldown_effect): LYD_NP_COOLDOWN_BLOCK_PASS
[10:24:03][D][jomini_effect_impl.cpp:450]: file: common/scripted_effects/lyd_np_effects.txt line: 236 (lyd_np_acceptance_clear_cooldown_effect): LYD_NP_ACCEPTANCE_ONLY_COOLDOWN_CLEARED
[10:24:03][D][jomini_effect_impl.cpp:450]: file: common/scripted_effects/lyd_np_effects.txt line: 121 (lyd_np_join_effect): LYD_NP_JOIN_APPLIED
[10:24:03][D][jomini_effect_impl.cpp:450]: file: common/scripted_effects/lyd_np_effects.txt line: 176 (lyd_np_assert_join_d1_effect): LYD_NP_JOIN_D1_PASS
[10:24:22][D][jomini_effect_impl.cpp:450]: file: common/scripted_effects/lyd_np_effects.txt line: 190 (lyd_np_assert_join_d30_effect): LYD_NP_JOIN_D30_PASS
[10:24:22][D][jomini_effect_impl.cpp:450]: file: common/scripted_effects/lyd_np_effects.txt line: 232 (lyd_np_acceptance_clear_cooldown_effect): LYD_NP_COOLDOWN_BLOCK_PASS
[10:24:22][D][jomini_effect_impl.cpp:450]: file: common/scripted_effects/lyd_np_effects.txt line: 236 (lyd_np_acceptance_clear_cooldown_effect): LYD_NP_ACCEPTANCE_ONLY_COOLDOWN_CLEARED
[10:24:22][D][jomini_effect_impl.cpp:450]: file: common/scripted_effects/lyd_np_effects.txt line: 154 (lyd_np_detach_effect): LYD_NP_DETACH_APPLIED
[10:24:23][D][jomini_effect_impl.cpp:450]: file: common/scripted_effects/lyd_np_effects.txt line: 204 (lyd_np_assert_detach_d1_effect): LYD_NP_DETACH_D1_PASS
[10:49:29][D][jomini_effect_impl.cpp:450]: file: common/scripted_effects/lyd_np_effects.txt line: 218 (lyd_np_assert_detach_d30_effect): LYD_NP_DETACH_D30_PASS
[10:49:30][D][jomini_effect_impl.cpp:450]: file: common/scripted_effects/lyd_np_effects.txt line: 232 (lyd_np_acceptance_clear_cooldown_effect): LYD_NP_COOLDOWN_BLOCK_PASS
[10:49:30][D][jomini_effect_impl.cpp:450]: file: common/scripted_effects/lyd_np_effects.txt line: 236 (lyd_np_acceptance_clear_cooldown_effect): LYD_NP_ACCEPTANCE_ONLY_COOLDOWN_CLEARED
[10:49:30][D][jomini_effect_impl.cpp:450]: file: common/scripted_effects/lyd_np_effects.txt line: 121 (lyd_np_join_effect): LYD_NP_JOIN_APPLIED
[10:49:30][D][jomini_effect_impl.cpp:450]: file: common/scripted_effects/lyd_np_effects.txt line: 176 (lyd_np_assert_join_d1_effect): LYD_NP_JOIN_D1_PASS
[10:49:49][D][jomini_effect_impl.cpp:450]: file: common/scripted_effects/lyd_np_effects.txt line: 190 (lyd_np_assert_join_d30_effect): LYD_NP_JOIN_D30_PASS
[10:49:50][D][jomini_effect_impl.cpp:450]: file: common/scripted_effects/lyd_np_effects.txt line: 232 (lyd_np_acceptance_clear_cooldown_effect): LYD_NP_COOLDOWN_BLOCK_PASS
[10:49:50][D][jomini_effect_impl.cpp:450]: file: common/scripted_effects/lyd_np_effects.txt line: 236 (lyd_np_acceptance_clear_cooldown_effect): LYD_NP_ACCEPTANCE_ONLY_COOLDOWN_CLEARED
[10:49:50][D][jomini_effect_impl.cpp:450]: file: common/scripted_effects/lyd_np_effects.txt line: 154 (lyd_np_detach_effect): LYD_NP_DETACH_APPLIED
[10:49:50][D][jomini_effect_impl.cpp:450]: file: common/scripted_effects/lyd_np_effects.txt line: 204 (lyd_np_assert_detach_d1_effect): LYD_NP_DETACH_D1_PASS
[11:08:38][D][jomini_effect_impl.cpp:450]: file: common/scripted_effects/lyd_np_effects.txt line: 218 (lyd_np_assert_detach_d30_effect): LYD_NP_DETACH_D30_PASS
[11:08:38][D][jomini_effect_impl.cpp:450]: file: events/lyd_np_events.txt line: 63 (lyd_np.0230:immediate): LYD_NP_THREE_ROUNDS_PASS
