[17:21:23][I][session.cpp:759]: [INFO] Init session
[17:21:23][I][session.cpp:2446]: [INFO] SSessionDlcCache: West Slavic Attire
[17:21:23][I][session.cpp:2446]: [INFO] SSessionDlcCache: Tours and Tournaments
[17:21:23][I][session.cpp:2446]: [INFO] SSessionDlcCache: North African Attire
[17:21:23][I][session.cpp:2446]: [INFO] SSessionDlcCache: Roads to Power
[17:21:23][I][session.cpp:2446]: [INFO] SSessionDlcCache: Legends of the Dead
[17:21:23][I][session.cpp:2446]: [INFO] SSessionDlcCache: Celestial Court Attire
[17:21:23][I][session.cpp:2446]: [INFO] SSessionDlcCache: The Northern Lords
[17:21:23][I][session.cpp:2446]: [INFO] SSessionDlcCache: All Under Heaven
[17:21:23][I][session.cpp:2446]: [INFO] SSessionDlcCache: Garments of the Holy Roman Empire
[17:21:23][I][session.cpp:2446]: [INFO] SSessionDlcCache: Legacy of Persia
[17:21:23][I][session.cpp:2446]: [INFO] SSessionDlcCache: The Royal Court
[17:21:23][I][session.cpp:2446]: [INFO] SSessionDlcCache: Fashion of the Abbasid Court
[17:21:23][I][session.cpp:2446]: [INFO] SSessionDlcCache: Songs of the Realm
[17:21:23][I][session.cpp:2446]: [INFO] SSessionDlcCache: Holy Buildings
[17:21:23][I][session.cpp:2446]: [INFO] SSessionDlcCache: Wards and Wardens
[17:21:23][I][session.cpp:2446]: [INFO] SSessionDlcCache: Coronations
[17:21:23][I][session.cpp:2446]: [INFO] SSessionDlcCache: East Asian Wonders
[17:21:23][I][session.cpp:2446]: [INFO] SSessionDlcCache: The Fate of Iberia
[17:21:23][I][session.cpp:2446]: [INFO] SSessionDlcCache: Elegance of the Empire
[17:21:23][I][session.cpp:2446]: [INFO] SSessionDlcCache: North Pacific Attire
[17:21:23][I][session.cpp:2446]: [INFO] SSessionDlcCache: Couture of the Capets
[17:21:23][I][session.cpp:2446]: [INFO] SSessionDlcCache: High Medieval Warfare Attire
[17:21:23][I][session.cpp:2446]: [INFO] SSessionDlcCache: Medieval Monuments
[17:21:23][I][session.cpp:2446]: [INFO] SSessionDlcCache: Wandering Nobles
[17:21:23][I][session.cpp:2446]: [INFO] SSessionDlcCache: Friends and Foes
[17:21:23][I][session.cpp:2446]: [INFO] SSessionDlcCache: Khans of the Steppe
[17:21:23][I][session.cpp:2446]: [INFO] SSessionDlcCache: Symbols of Authority
[17:21:23][I][session.cpp:2446]: [INFO] SSessionDlcCache: Crowns of the World
[17:21:23][I][session.cpp:2446]: [INFO] SSessionDlcCache: Arctic Attire
[17:21:23][I][session.cpp:2446]: [INFO] SSessionDlcCache: By God Alone
