{
  "schema": "ck3-mod-acceptance-plan-v1",
  "product": "li-yu-dao",
  "case": "i4-existing-school-cooldown",
  "case_status": "ready",
  "shared_manifest": "C:\\workspace\\ck3-common-runtime\\20261010-010\\manifest.json",
  "run_id": "<allocated-run-id>",
  "host_argv": [
    "C:\\Users\\Administrator\\AppData\\Local\\Programs\\Python\\Python313\\python.exe",
    "-B",
    "-X",
    "utf8",
    "C:\\csr10\\ck3_autonomous_player\\native_bridge\\research\\run_ck3_12002_mcp_live.py",
    "--agent-source-root",
    "C:\\csr10",
    "--game-dir",
    "C:\\Program Files (x86)\\Steam\\steamapps\\common\\Crusader Kings III",
    "--bridge-dll",
    "C:\\cbr2\\xar_ck3_bridge.dll",
    "--bridge-injector",
    "C:\\cbr2\\xar_ck3_bridge_injector.exe",
    "--bridge-pipe",
    "\\\\.\\pipe\\ck3_mod_acceptance_<allocated-run-id>",
    "--output",
    "C:\\workspace\\ck3-common-runtime\\runs\\<allocated-run-id>\\native-report.json",
    "--state-dir",
    "C:\\workspace\\ck3-common-runtime\\cases\\lyd-i4-natural-expiry-20261010-002\\state",
    "--plan",
    "C:\\workspace\\ck3-common-runtime\\cases\\lyd-i4-natural-expiry-20261010-002\\prepared\\initial-plan.json",
    "--control-plan-dir",
    "C:\\workspace\\ck3-common-runtime\\runs\\<allocated-run-id>\\controls",
    "--private-succession-title-readonly",
    "--saved-campaign-inject-after-load",
    "--saved-campaign-debug-mode",
    "--command-timeout",
    "300",
    "--readiness-timeout",
    "900",
    "--timeout",
    "8400",
    "--poll-interval",
    "0.5",
    "--hold-seconds",
    "7200",
    "--fixture-profile",
    "--saved-campaign-save",
    "C:\\workspace\\ck3_lyd_runtime_20261004\\live-attempt-010\\checkpoints\\0240-detach-second-post-save\\checkpoint.ck3",
    "--saved-campaign-save-bytes",
    "91669783",
    "--saved-campaign-save-sha256",
    "1d98f0d2482c02477f460127044690b1df128e806b2ffbfab399e945e3551a1d",
    "--saved-campaign-player-id",
    "31254",
    "--saved-campaign-date-raw",
    "53144712",
    "--saved-campaign-product-inventory",
    "C:\\workspace\\ck3-common-runtime\\cases\\lyd-i4-natural-expiry-20261010-002\\prepared\\saved-product-inventory.json"
  ],
  "required_mcp_tools": [
    "ck3_take_snapshot",
    "ck3_open_ingame_decisions_v1",
    "ck3_select_ingame_decision_item_v1",
    "ck3_query_ingame_decision_item_v1",
    "ck3_inspect_gui_window_tree_v1",
    "ck3_save_checkpoint",
    "ck3_query_normal_exit_context_v1",
    "ck3_request_normal_exit_v1",
    "ck3_observe_normal_exit_v1"
  ],
  "opt_in_read_only_mcp_tools": [],
  "runtime_environment": {
    "PYTHONUTF8": "1",
    "PYTHONDONTWRITEBYTECODE": "1",
    "PYTHONPATH": "C:\\csr10\\ck3_autonomous_player\\src;C:\\csr10\\ck3_workshop_mcp\\src;C:\\csr10\\tools"
  },
  "phases": [
    "original0240_headless_event_free_admission",
    "fresh_initial_SAVE_flag_present_and_disabled_formal_decision",
    "strict_one_day_natural_simulation_until_first_enabled_decision",
    "distinct_final_SAVE_flag_absent_and_same_headless_Faith_Rite_membership",
    "actual_shared_normal_close"
  ],
  "budgets": {
    "command_timeout": 300,
    "readiness_timeout": 900,
    "timeout": 8400,
    "hold_seconds": 7200,
    "poll_interval": 0.5
  },
  "fixture_prepare": null,
  "adapter": {
    "path": "{repo_root}/tools/ck3_mod_acceptance_cases/lyd_i4_natural_expiry_adapter.py",
    "config": "{repo_root}/tools/ck3_mod_acceptance_cases/lyd_i4_natural_expiry.json"
  },
  "normal_close": {
    "owner": "shared entry/CaseClient",
    "reserve_seconds": 90,
    "actual_retained_OS0_and_original_native0_required": true
  },
  "gui_contract": null,
  "outputs": {
    "case_output": "{run_dir}/case-output",
    "normal_close": "{run_dir}/case-output/normal-close-result.json"
  },
  "blockers": [],
  "runtime_status": "NOT_RUN",
  "business_acceptance": "NOT_ASSESSED"
}
