test_actual_positive_serial_keeps_one (test_actual_signed64_value.ActualSignedValueTests.test_actual_positive_serial_keeps_one) ... ok
test_actual_unsigned_bit_pattern_decodes_source_pending_minus_one_without_rewrite (test_actual_signed64_value.ActualSignedValueTests.test_actual_unsigned_bit_pattern_decodes_source_pending_minus_one_without_rewrite) ... ok
test_entity_full_id_uses_reference_binding_without_numeric_signed_decode (test_actual_signed64_value.ActualSignedValueTests.test_entity_full_id_uses_reference_binding_without_numeric_signed_decode) ... ok
test_optional_present_numeric_routes_same_signed_decode_and_missing_remains_null (test_actual_signed64_value.ActualSignedValueTests.test_optional_present_numeric_routes_same_signed_decode_and_missing_remains_null) ... ok
test_uint64_overflow_wrong_scale_nonvalue_and_highbit_fraction_rejected (test_actual_signed64_value.ActualSignedValueTests.test_uint64_overflow_wrong_scale_nonvalue_and_highbit_fraction_rejected) ... ok
test_actual_full_codec_sha_and_frozen_contract_sha_remain_distinct (test_checkpoint_transition_v2.ArtifactLineageTests.test_actual_full_codec_sha_and_frozen_contract_sha_remain_distinct) ... ok
test_bound_codec_artifact_cannot_claim_frozen_SHA_as_actual (test_checkpoint_transition_v2.ArtifactLineageTests.test_bound_codec_artifact_cannot_claim_frozen_SHA_as_actual) ... ok
test_changed_DTO_body_or_added_branch_rejected (test_checkpoint_transition_v2.ArtifactLineageTests.test_changed_DTO_body_or_added_branch_rejected) ... ok
test_changed_DTO_signature_rejected (test_checkpoint_transition_v2.ArtifactLineageTests.test_changed_DTO_signature_rejected) ... ok
test_changed_G2_G3_Tool_schema_rejected (test_checkpoint_transition_v2.ArtifactLineageTests.test_changed_G2_G3_Tool_schema_rejected) ... ok
test_codec_AST_uses_the_exact_verified_buffer (test_checkpoint_transition_v2.ArtifactLineageTests.test_codec_AST_uses_the_exact_verified_buffer) ... ok
test_codec_declared_SHA_or_artifact_bytes_mismatch_rejected (test_checkpoint_transition_v2.ArtifactLineageTests.test_codec_declared_SHA_or_artifact_bytes_mismatch_rejected) ... ok
test_codec_source_is_parsed_without_executing_top_level_code (test_checkpoint_transition_v2.ArtifactLineageTests.test_codec_source_is_parsed_without_executing_top_level_code) ... ok
test_current24_metadata_records_actual_count_and_SHA (test_checkpoint_transition_v2.ArtifactLineageTests.test_current24_metadata_records_actual_count_and_SHA) ... ok
test_duplicate_or_missing_pure_DTO_function_rejected (test_checkpoint_transition_v2.ArtifactLineageTests.test_duplicate_or_missing_pure_DTO_function_rejected) ... ok
test_unrecognized_metadata_tool_set_or_duplicate_name_rejected (test_checkpoint_transition_v2.ArtifactLineageTests.test_unrecognized_metadata_tool_set_or_duplicate_name_rejected) ... ok
test_G2_query_bound_to_before_is_rejected (test_checkpoint_transition_v2.TransitionTests.test_G2_query_bound_to_before_is_rejected) ... ok
test_G3_query_bound_to_before_is_rejected (test_checkpoint_transition_v2.TransitionTests.test_G3_query_bound_to_before_is_rejected) ... ok
test_actor_drift_rejected (test_checkpoint_transition_v2.TransitionTests.test_actor_drift_rejected) ... ok
test_actual_metadata_and_frozen_contract_metadata_are_distinct (test_checkpoint_transition_v2.TransitionTests.test_actual_metadata_and_frozen_contract_metadata_are_distinct) ... ok
test_added_snapshot_key_rejected (test_checkpoint_transition_v2.TransitionTests.test_added_snapshot_key_rejected) ... ok
test_connection_drift_rejected (test_checkpoint_transition_v2.TransitionTests.test_connection_drift_rejected) ... ok
test_date_drift_rejected (test_checkpoint_transition_v2.TransitionTests.test_date_drift_rejected) ... ok
test_event_drift_rejected (test_checkpoint_transition_v2.TransitionTests.test_event_drift_rejected) ... ok
test_full_synthetic_seam_joins_only_after_and_preserves_credit_boundary (test_checkpoint_transition_v2.TransitionTests.test_full_synthetic_seam_joins_only_after_and_preserves_credit_boundary) ... ok
test_last_submission_mismatch_rejected (test_checkpoint_transition_v2.TransitionTests.test_last_submission_mismatch_rejected) ... ok
test_multiple_commands_rejected (test_checkpoint_transition_v2.TransitionTests.test_multiple_commands_rejected) ... ok
test_next_save_sequence_and_history_prefix_required (test_checkpoint_transition_v2.TransitionTests.test_next_save_sequence_and_history_prefix_required) ... ok
test_nonwhitelisted_diagnostic_change_rejected (test_checkpoint_transition_v2.TransitionTests.test_nonwhitelisted_diagnostic_change_rejected) ... ok
test_old_strict_gate_rejects_same_checkpoint_transition (test_checkpoint_transition_v2.TransitionTests.test_old_strict_gate_rejects_same_checkpoint_transition) ... ok
test_pause_drift_rejected (test_checkpoint_transition_v2.TransitionTests.test_pause_drift_rejected) ... ok
test_pid_drift_rejected (test_checkpoint_transition_v2.TransitionTests.test_pid_drift_rejected) ... ok
test_profile_drift_rejected (test_checkpoint_transition_v2.TransitionTests.test_profile_drift_rejected) ... ok
test_revision_jump_rejected (test_checkpoint_transition_v2.TransitionTests.test_revision_jump_rejected) ... ok
test_saved_state_native_before_revision_is_rejected (test_checkpoint_transition_v2.TransitionTests.test_saved_state_native_before_revision_is_rejected) ... ok
test_snapshot_alias_rejected (test_checkpoint_transition_v2.TransitionTests.test_snapshot_alias_rejected) ... ok
test_synthetic_exact_transition_retains_both_frames (test_checkpoint_transition_v2.TransitionTests.test_synthetic_exact_transition_retains_both_frames) ... ok
test_unknown_business_key_drift_rejected (test_checkpoint_transition_v2.TransitionTests.test_unknown_business_key_drift_rejected) ... ok
test_wallet_drift_rejected (test_checkpoint_transition_v2.TransitionTests.test_wallet_drift_rejected) ... ok
test_wrong_appended_result_rejected (test_checkpoint_transition_v2.TransitionTests.test_wrong_appended_result_rejected) ... ok
test_actual_nested_title_database_retains_selected_full_ast (test_i3b_reader.ReaderTests.test_actual_nested_title_database_retains_selected_full_ast) ... ok
test_actual_title_discovered_from_result_not_fixed_id (test_i3b_reader.ReaderTests.test_actual_title_discovered_from_result_not_fixed_id) ... ok
test_added_faith_rite_and_omitted_protected_baseline_rejected (test_i3b_reader.ReaderTests.test_added_faith_rite_and_omitted_protected_baseline_rejected) ... ok
test_contradictory_saved_character_lifecycle_rejected (test_i3b_reader.ReaderTests.test_contradictory_saved_character_lifecycle_rejected) ... ok
test_duplicate_records_and_truncated_record_fail_closed (test_i3b_reader.ReaderTests.test_duplicate_records_and_truncated_record_fail_closed) ... ok
test_each_school_quorum_not_aggregate (test_i3b_reader.ReaderTests.test_each_school_quorum_not_aggregate) ... ok
test_explicit_saved_dead_record_retained_in_living_is_excluded (test_i3b_reader.ReaderTests.test_explicit_saved_dead_record_retained_in_living_is_excluded) ... ok
test_extra_living_uncaptured_and_unclassified (test_i3b_reader.ReaderTests.test_extra_living_uncaptured_and_unclassified) ... ok
test_native_qualification_drift_and_absence_not_stamps (test_i3b_reader.ReaderTests.test_native_qualification_drift_and_absence_not_stamps) ... ok
test_npc_signature_not_human_consent (test_i3b_reader.ReaderTests.test_npc_signature_not_human_consent) ... ok
test_old_nonce_wrong_owner_and_vote_count_fails (test_i3b_reader.ReaderTests.test_old_nonce_wrong_owner_and_vote_count_fails) ... ok
test_partial_factory_state_preserved_without_success_credit (test_i3b_reader.ReaderTests.test_partial_factory_state_preserved_without_success_credit) ... ok
test_pending_actual_refused_before_any_save_open (test_i3b_reader.ReaderTests.test_pending_actual_refused_before_any_save_open) ... ok
test_political_full_ast_and_complete_tenet_status_protection (test_i3b_reader.ReaderTests.test_political_full_ast_and_complete_tenet_status_protection) ... ok
test_proposal_has_no_ballot_or_human_authority (test_i3b_reader.ReaderTests.test_proposal_has_no_ballot_or_human_authority) ... ok
test_signed_two_schools_full_roster_and_human412 (test_i3b_reader.ReaderTests.test_signed_two_schools_full_roster_and_human412) ... ok
test_stale_native_witness_and_duplicate_typed_reference_rejected (test_i3b_reader.ReaderTests.test_stale_native_witness_and_duplicate_typed_reference_rejected) ... ok
test_unknown_title_discriminator_and_mapping_not_real_facts (test_i3b_reader.ReaderTests.test_unknown_title_discriminator_and_mapping_not_real_facts) ... ok
test_wrong_actual_title_holder_owner_law_properties_and_hof_fail (test_i3b_reader.ReaderTests.test_wrong_actual_title_holder_owner_law_properties_and_hof_fail) ... ok
test_zero_scholars_wrong_rite_delegate_and_nonfinite_learning (test_i3b_reader.ReaderTests.test_zero_scholars_wrong_rite_delegate_and_nonfinite_learning) ... ok
test_actual_positive_elector_preserved (test_present_numeric_zero.PresentNumericZeroTests.test_actual_positive_elector_preserved) ... ok
test_actual_present_zero_matches_native_ineligible_and_preserves_raw (test_present_numeric_zero.PresentNumericZeroTests.test_actual_present_zero_matches_native_ineligible_and_preserves_raw) ... ok
test_explicit_negative_vote_remains_negative_one (test_present_numeric_zero.PresentNumericZeroTests.test_explicit_negative_vote_remains_negative_one) ... ok
test_extra_data_identity_or_timestamp_is_not_default_zero (test_present_numeric_zero.PresentNumericZeroTests.test_extra_data_identity_or_timestamp_is_not_default_zero) ... ok
test_missing_or_empty_data_block_rejected (test_present_numeric_zero.PresentNumericZeroTests.test_missing_or_empty_data_block_rejected) ... ok
test_missing_variable_required_rejected_optional_remains_null (test_present_numeric_zero.PresentNumericZeroTests.test_missing_variable_required_rejected_optional_remains_null) ... ok
test_nonintegral_explicit_numeric_identity_is_rejected (test_present_numeric_zero.PresentNumericZeroTests.test_nonintegral_explicit_numeric_identity_is_rejected) ... ok
test_owner_expiry_timestamp_is_preserved_and_not_numeric_identity (test_present_numeric_zero.PresentNumericZeroTests.test_owner_expiry_timestamp_is_preserved_and_not_numeric_identity) ... ok
test_wrong_type_or_not_present_rejected (test_present_numeric_zero.PresentNumericZeroTests.test_wrong_type_or_not_present_rejected) ... ok
test_actual_v2_direct_and_effective_are_distinct_no_native_credit (test_saved_faith_effective_doctrine_v2.SavedFaithSemanticsV2Tests.test_actual_v2_direct_and_effective_are_distinct_no_native_credit) ... ok
test_ambiguous_same_group_doctrines_rejected (test_saved_faith_effective_doctrine_v2.SavedFaithSemanticsV2Tests.test_ambiguous_same_group_doctrines_rejected) ... ok
test_declared_faith_delta_matches_and_political_red_remains (test_saved_faith_effective_doctrine_v2.SavedFaithSemanticsV2Tests.test_declared_faith_delta_matches_and_political_red_remains) ... ok
test_direct_faith_doctrine_row_order_and_status_drift_rejected (test_saved_faith_effective_doctrine_v2.SavedFaithSemanticsV2Tests.test_direct_faith_doctrine_row_order_and_status_drift_rejected) ... ok
test_missing_baseline_full_ast_rejected (test_saved_faith_effective_doctrine_v2.SavedFaithSemanticsV2Tests.test_missing_baseline_full_ast_rejected) ... ok
test_missing_both_head_groups_rejected (test_saved_faith_effective_doctrine_v2.SavedFaithSemanticsV2Tests.test_missing_both_head_groups_rejected) ... ok
test_other_variable_drift_not_whitelisted (test_saved_faith_effective_doctrine_v2.SavedFaithSemanticsV2Tests.test_other_variable_drift_not_whitelisted) ... ok
test_preexisting_recognized_leader_baseline_rejected (test_saved_faith_effective_doctrine_v2.SavedFaithSemanticsV2Tests.test_preexisting_recognized_leader_baseline_rejected) ... ok
test_unoccupied_main_group_uses_direct_faith_additive (test_saved_faith_effective_doctrine_v2.SavedFaithSemanticsV2Tests.test_unoccupied_main_group_uses_direct_faith_additive) ... ok
test_unrelated_faith_row_drift_not_whitelisted (test_saved_faith_effective_doctrine_v2.SavedFaithSemanticsV2Tests.test_unrelated_faith_row_drift_not_whitelisted) ... ok
test_v1_keeps_original_direct_doctrine_expectation (test_saved_faith_effective_doctrine_v2.SavedFaithSemanticsV2Tests.test_v1_keeps_original_direct_doctrine_expectation) ... ok
test_wrong_head_delta_or_old_dual_field_form_rejected (test_saved_faith_effective_doctrine_v2.SavedFaithSemanticsV2Tests.test_wrong_head_delta_or_old_dual_field_form_rejected) ... ok
test_wrong_main_rite_or_parent_faith_rejected (test_saved_faith_effective_doctrine_v2.SavedFaithSemanticsV2Tests.test_wrong_main_rite_or_parent_faith_rejected) ... ok
test_wrong_or_missing_semantic_binding_rejected (test_saved_faith_effective_doctrine_v2.SavedFaithSemanticsV2Tests.test_wrong_or_missing_semantic_binding_rejected) ... ok
test_wrong_recognized_leader_typed_value_or_duplicates_rejected (test_saved_faith_effective_doctrine_v2.SavedFaithSemanticsV2Tests.test_wrong_recognized_leader_typed_value_or_duplicates_rejected) ... ok
test_actual_headless_and_title_reference_preserve_raw (test_saved_faith_head_field_map.SavedFaithHeadTests.test_actual_headless_and_title_reference_preserve_raw) ... ok
test_actual_title_full_ast_holder_join (test_saved_faith_head_field_map.SavedFaithHeadTests.test_actual_title_full_ast_holder_join) ... ok
test_main_observe_text_uses_correct_join_and_keeps_original_red (test_saved_faith_head_field_map.SavedFaithHeadTests.test_main_observe_text_uses_correct_join_and_keeps_original_red) ... ok
test_main_observe_text_wrong_join_does_not_gain_credit (test_saved_faith_head_field_map.SavedFaithHeadTests.test_main_observe_text_wrong_join_does_not_gain_credit) ... ok
test_missing_raw_head_and_old_dual_field_shape_rejected (test_saved_faith_head_field_map.SavedFaithHeadTests.test_missing_raw_head_and_old_dual_field_shape_rejected) ... ok
test_missing_title_entity_rejected (test_saved_faith_head_field_map.SavedFaithHeadTests.test_missing_title_entity_rejected) ... ok
test_noncanonical_or_typed_scalar_rejected (test_saved_faith_head_field_map.SavedFaithHeadTests.test_noncanonical_or_typed_scalar_rejected) ... ok
test_projection_holder_disagrees_with_ast_rejected (test_saved_faith_head_field_map.SavedFaithHeadTests.test_projection_holder_disagrees_with_ast_rejected) ... ok
test_raw_ast_and_projection_drift_rejected (test_saved_faith_head_field_map.SavedFaithHeadTests.test_raw_ast_and_projection_drift_rejected) ... ok
test_title_ast_identity_or_digest_drift_rejected (test_saved_faith_head_field_map.SavedFaithHeadTests.test_title_ast_identity_or_digest_drift_rejected) ... ok
test_wrong_faith_rejected (test_saved_faith_head_field_map.SavedFaithHeadTests.test_wrong_faith_rejected) ... ok
test_wrong_holder_rejected (test_saved_faith_head_field_map.SavedFaithHeadTests.test_wrong_holder_rejected) ... ok
test_wrong_result_title_rejected (test_saved_faith_head_field_map.SavedFaithHeadTests.test_wrong_result_title_rejected) ... ok
test_artifact_bytes_sha_and_body_extension_rejected (test_sdk_checkpoint_seam.SeamTests.test_artifact_bytes_sha_and_body_extension_rejected) ... ok
test_descriptor_parses_the_verified_buffer_even_if_file_changes (test_sdk_checkpoint_seam.SeamTests.test_descriptor_parses_the_verified_buffer_even_if_file_changes) ... ok
test_epoch_stale_and_sdk_credit_mutation_rejected (test_sdk_checkpoint_seam.SeamTests.test_epoch_stale_and_sdk_credit_mutation_rejected) ... ok
test_explicit_mapping_fullsets_humans_counties_distinct_epochs_and_head_join (test_sdk_checkpoint_seam.SeamTests.test_explicit_mapping_fullsets_humans_counties_distinct_epochs_and_head_join) ... ok
test_high_generation_actor_kept_and_only_minus_one_absent (test_sdk_checkpoint_seam.SeamTests.test_high_generation_actor_kept_and_only_minus_one_absent) ... ok
test_incomplete_predicate_unknown_not_zero_and_fullsets_mismatch (test_sdk_checkpoint_seam.SeamTests.test_incomplete_predicate_unknown_not_zero_and_fullsets_mismatch) ... ok
test_independent_owner_frame_source_changes_rejected (test_sdk_checkpoint_seam.SeamTests.test_independent_owner_frame_source_changes_rejected) ... ok
test_known_absent_head_is_not_unknown_or_factory_success (test_sdk_checkpoint_seam.SeamTests.test_known_absent_head_is_not_unknown_or_factory_success) ... ok
test_known_non_title_discriminators_rejected (test_sdk_checkpoint_seam.SeamTests.test_known_non_title_discriminators_rejected) ... ok
test_matching_before_after_wrong_hello_pins_rejected (test_sdk_checkpoint_seam.SeamTests.test_matching_before_after_wrong_hello_pins_rejected) ... ok
test_native_class_not_saved_type_or_owned_and_actual_full_ast_required (test_sdk_checkpoint_seam.SeamTests.test_native_class_not_saved_type_or_owned_and_actual_full_ast_required) ... ok
test_native_false_property_and_law_nonmember_remain_false (test_sdk_checkpoint_seam.SeamTests.test_native_false_property_and_law_nonmember_remain_false) ... ok
test_present_title_zero_is_preserved_with_reader_compatibility_gap (test_sdk_checkpoint_seam.SeamTests.test_present_title_zero_is_preserved_with_reader_compatibility_gap) ... ok
test_rehashed_saved_title_wrong_holder_rejected (test_sdk_checkpoint_seam.SeamTests.test_rehashed_saved_title_wrong_holder_rejected) ... ok
test_unknown_counties_and_signed_learning_preserved_without_bridge (test_sdk_checkpoint_seam.SeamTests.test_unknown_counties_and_signed_learning_preserved_without_bridge) ... ok

----------------------------------------------------------------------
Ran 112 tests in 2.432s

OK
