[20:02:48][I][session.cpp:759]: [INFO] Init session
[20:02:48][I][session.cpp:2446]: [INFO] SSessionDlcCache: West Slavic Attire
[20:02:48][I][session.cpp:2446]: [INFO] SSessionDlcCache: Tours and Tournaments
[20:02:48][I][session.cpp:2446]: [INFO] SSessionDlcCache: North African Attire
[20:02:48][I][session.cpp:2446]: [INFO] SSessionDlcCache: Roads to Power
[20:02:48][I][session.cpp:2446]: [INFO] SSessionDlcCache: Legends of the Dead
[20:02:48][I][session.cpp:2446]: [INFO] SSessionDlcCache: Celestial Court Attire
[20:02:48][I][session.cpp:2446]: [INFO] SSessionDlcCache: The Northern Lords
[20:02:48][I][session.cpp:2446]: [INFO] SSessionDlcCache: All Under Heaven
[20:02:48][I][session.cpp:2446]: [INFO] SSessionDlcCache: Garments of the Holy Roman Empire
[20:02:48][I][session.cpp:2446]: [INFO] SSessionDlcCache: Legacy of Persia
[20:02:48][I][session.cpp:2446]: [INFO] SSessionDlcCache: The Royal Court
[20:02:48][I][session.cpp:2446]: [INFO] SSessionDlcCache: Fashion of the Abbasid Court
[20:02:48][I][session.cpp:2446]: [INFO] SSessionDlcCache: Songs of the Realm
[20:02:48][I][session.cpp:2446]: [INFO] SSessionDlcCache: Holy Buildings
[20:02:48][I][session.cpp:2446]: [INFO] SSessionDlcCache: Wards and Wardens
[20:02:48][I][session.cpp:2446]: [INFO] SSessionDlcCache: Coronations
[20:02:48][I][session.cpp:2446]: [INFO] SSessionDlcCache: East Asian Wonders
[20:02:48][I][session.cpp:2446]: [INFO] SSessionDlcCache: The Fate of Iberia
[20:02:48][I][session.cpp:2446]: [INFO] SSessionDlcCache: Elegance of the Empire
[20:02:48][I][session.cpp:2446]: [INFO] SSessionDlcCache: North Pacific Attire
[20:02:48][I][session.cpp:2446]: [INFO] SSessionDlcCache: Couture of the Capets
[20:02:48][I][session.cpp:2446]: [INFO] SSessionDlcCache: High Medieval Warfare Attire
[20:02:48][I][session.cpp:2446]: [INFO] SSessionDlcCache: Medieval Monuments
[20:02:48][I][session.cpp:2446]: [INFO] SSessionDlcCache: Wandering Nobles
[20:02:48][I][session.cpp:2446]: [INFO] SSessionDlcCache: Friends and Foes
[20:02:48][I][session.cpp:2446]: [INFO] SSessionDlcCache: Khans of the Steppe
[20:02:48][I][session.cpp:2446]: [INFO] SSessionDlcCache: Symbols of Authority
[20:02:48][I][session.cpp:2446]: [INFO] SSessionDlcCache: Crowns of the World
[20:02:48][I][session.cpp:2446]: [INFO] SSessionDlcCache: Arctic Attire
[20:02:48][I][session.cpp:2446]: [INFO] SSessionDlcCache: By God Alone
[20:13:14][I][jominigamestate.cpp:209]: [INFO] Creating gamestate
[20:13:37][I][jominigamestate.cpp:216]: [INFO] Destroying gamestate
[20:13:37][I][jominigamestate.cpp:209]: [INFO] Creating gamestate
[20:13:43][I][session.h:420]: [INFO] Setting execute commands: yes
[20:13:43][I][session.h:432]: [INFO] Enabling recorded command replaying
[20:13:43][I][multiplayer.cpp:181]: [INFO] Adding local player
[20:13:43][I][session.cpp:1223]: [INFO] Replaying recorded commands: 0
[20:13:43][I][session.h:426]: [INFO] Setting record commands: no
[20:13:43][I][session.cpp:1230]: [INFO] Notifying callbacks with DoneReplayingCommands
[20:13:43][I][ingamemultiplayeridlerlogic.cpp:207]: [INFO] Handling session notification: done replaying commands for machine ID: 1
[20:13:47][I][controlcommands.cpp:52]: [INFO] CAddPlayer local player: UNKNOWN with machine ID: 1 sender: 1
[20:13:47][I][controlcommands.cpp:1097]: [INFO] Setting "done replaying commands" for machine ID: 1
[20:13:48][I][controlcommands.cpp:1054]: [INFO] Setting "player here" for machine ID: 1
[20:13:48][I][controlcommands.cpp:1330]: [INFO] Setting observer: no for machine ID: 1
[20:13:48][I][controlcommands.cpp:409]: [INFO] Setting playable: 31254 for machine ID: 1
[20:13:48][I][controlcommands.cpp:433]: [INFO] Setting character controller
[20:13:48][I][session.cpp:2250]: [INFO] Setting preparation lobby: no
[20:13:48][I][controlcommands.cpp:543]: [INFO] Starting game, sender: 1
[20:13:55][I][controlcommands.cpp:1097]: [INFO] Setting "done replaying commands" for machine ID: 1
[20:14:31][I][controlcommands.cpp:409]: [INFO] Setting playable: 31254 for machine ID: 1
[03:02:48][I][ingamesavegametransferhandler.cpp:88]: [INFO] Clearing pending save transfers
[03:02:49][I][jominigamestate.cpp:216]: [INFO] Destroying gamestate
