[14:48:25][D][gamestate_persistence.cpp:222]: Savegame time 0
[14:48:29][D][gamestate_persistence.cpp:161]: Written size 78.00 B (reserved 512.0 KB) for Unsynced
[14:48:29][D][gamestate_persistence.cpp:161]: Written size 43.00 B (reserved 512.0 KB) for Random
[14:48:29][D][gamestate_persistence.cpp:161]: Written size 8.000 B (reserved 512.0 KB) for GameSpeed
[14:48:29][D][gamestate_persistence.cpp:161]: Written size 54.00 B (reserved 512.0 KB) for Date
[14:48:29][D][gamestate_persistence.cpp:161]: Written size 24.87 KB (reserved 512.0 KB) for Variables
[14:48:29][D][gamestate_persistence.cpp:161]: Written size 4.039 KB (reserved 512.0 KB) for TraitLookup
[14:48:29][D][gamestate_persistence.cpp:161]: Written size 2.929 MB (reserved 4.000 MB) for Provinces
[14:48:29][D][gamestate_persistence.cpp:161]: Written size 6.302 MB (reserved 8.000 MB) for LandedTitles
[14:48:29][D][gamestate_persistence.cpp:161]: Written size 3.607 MB (reserved 16.00 MB) for Dynasties
[14:48:29][D][gamestate_persistence.cpp:161]: Written size 707.6 KB (reserved 512.0 KB) for ScriptedCharacters
[14:48:29][D][gamestate_persistence.cpp:161]: Written size 24.00 B (reserved 2.000 MB) for DeletedCharacters
[14:48:29][D][gamestate_persistence.cpp:161]: Written size 30.25 MB (reserved 32.00 MB) for LivingCharacters
[14:48:29][D][gamestate_persistence.cpp:161]: Written size 17.82 MB (reserved 32.00 MB) for DeadCharacters
[14:48:29][D][gamestate_persistence.cpp:161]: Written size 11.25 KB (reserved 6.000 MB) for CharacterManager
[14:48:29][D][gamestate_persistence.cpp:161]: Written size 5.659 KB (reserved 512.0 KB) for Units
[14:48:29][D][gamestate_persistence.cpp:161]: Written size 4.331 MB (reserved 512.0 KB) for Events
[14:48:29][D][gamestate_persistence.cpp:161]: Written size 325.0 B (reserved 512.0 KB) for Players
[14:48:29][D][gamestate_persistence.cpp:161]: Written size 1.428 MB (reserved 512.0 KB) for Armies
[14:48:29][D][gamestate_persistence.cpp:161]: Written size 6.277 KB (reserved 512.0 KB) for Activities
[14:48:29][D][gamestate_persistence.cpp:161]: Written size 240.2 KB (reserved 512.0 KB) for Opinions
[14:48:29][D][gamestate_persistence.cpp:161]: Written size 458.5 KB (reserved 512.0 KB) for Relations
[14:48:29][D][gamestate_persistence.cpp:161]: Written size 15.86 KB (reserved 512.0 KB) for Schemes
[14:48:29][D][gamestate_persistence.cpp:161]: Written size 15.97 KB (reserved 512.0 KB) for Stories
[14:48:29][D][gamestate_persistence.cpp:161]: Written size 49.00 B (reserved 512.0 KB) for Combats
[14:48:29][D][gamestate_persistence.cpp:161]: Written size 13.70 KB (reserved 512.0 KB) for PendingCharacterInteractions
[14:48:29][D][gamestate_persistence.cpp:161]: Written size 9.088 KB (reserved 512.0 KB) for Secrets
[14:48:29][D][gamestate_persistence.cpp:161]: Written size 57.38 KB (reserved 512.0 KB) for MercenaryCompanies
[14:48:29][D][gamestate_persistence.cpp:161]: Written size 651.3 KB (reserved 512.0 KB) for SubjectContracts
[14:48:29][D][gamestate_persistence.cpp:161]: Written size 62.89 KB (reserved 512.0 KB) for Religions
[14:48:29][D][gamestate_persistence.cpp:161]: Written size 245.4 KB (reserved 512.0 KB) for Faiths
[14:48:29][D][gamestate_persistence.cpp:161]: Written size 597.7 KB (reserved 512.0 KB) for Rites
[14:48:29][D][gamestate_persistence.cpp:161]: Written size 2.579 KB (reserved 512.0 KB) for Wars
[14:48:29][D][gamestate_persistence.cpp:161]: Written size 223.0 B (reserved 512.0 KB) for Sieges
[14:48:29][D][gamestate_persistence.cpp:161]: Written size 15.00 B (reserved 512.0 KB) for Succession
[14:48:29][D][gamestate_persistence.cpp:161]: Written size 215.0 B (reserved 512.0 KB) for Holdings
[14:48:29][D][gamestate_persistence.cpp:161]: Written size 456.1 KB (reserved 2.000 MB) for Counties
[14:48:29][D][gamestate_persistence.cpp:161]: Written size 31.00 B (reserved 512.0 KB) for Fleets
[14:48:29][D][gamestate_persistence.cpp:161]: Written size 932.0 KB (reserved 2.000 MB) for CouncilTasks
[14:48:29][D][gamestate_persistence.cpp:161]: Written size 11.88 KB (reserved 512.0 KB) for ImportantActions
[14:48:29][D][gamestate_persistence.cpp:161]: Written size 9.409 KB (reserved 2.000 MB) for Factions
[14:48:29][D][gamestate_persistence.cpp:161]: Written size 1.495 MB (reserved 2.000 MB) for Cultures
[14:48:29][D][gamestate_persistence.cpp:161]: Written size 5.228 KB (reserved 512.0 KB) for HolyOrders
[14:48:29][D][gamestate_persistence.cpp:161]: Written size 1.738 MB (reserved 2.000 MB) for AI
[14:48:29][D][gamestate_persistence.cpp:161]: Written size 2.693 KB (reserved 512.0 KB) for GameRules
[14:48:29][D][gamestate_persistence.cpp:161]: Written size 20.00 B (reserved 512.0 KB) for Raids
[14:48:29][D][gamestate_persistence.cpp:161]: Written size 35.00 B (reserved 512.0 KB) for BarterMissions
[14:48:29][D][gamestate_persistence.cpp:161]: Written size 105.0 B (reserved 512.0 KB) for Ironman
[14:48:29][D][gamestate_persistence.cpp:161]: Written size 9.840 MB (reserved 8.000 MB) for CoatOfArms
[14:48:29][D][gamestate_persistence.cpp:161]: Written size 0.000 B (reserved 512.0 KB) for RulerDesigner
[14:48:29][D][gamestate_persistence.cpp:161]: Written size 906.0 B (reserved 512.0 KB) for PlayerEvents
[14:48:29][D][gamestate_persistence.cpp:161]: Written size 511.1 KB (reserved 512.0 KB) for Artifacts
[14:48:29][D][gamestate_persistence.cpp:161]: Written size 857.0 B (reserved 512.0 KB) for Inspirations
[14:48:29][D][gamestate_persistence.cpp:161]: Written size 21.39 KB (reserved 512.0 KB) for CourtPositions
[14:48:29][D][gamestate_persistence.cpp:161]: Written size 2.243 KB (reserved 512.0 KB) for Struggles
[14:48:29][D][gamestate_persistence.cpp:161]: Written size 1.396 MB (reserved 512.0 KB) for CharacterMemories
[14:48:29][D][gamestate_persistence.cpp:161]: Written size 8.500 KB (reserved 512.0 KB) for Diarchies
[14:48:29][D][gamestate_persistence.cpp:161]: Written size 31.86 KB (reserved 512.0 KB) for TravelPlans
[14:48:29][D][gamestate_persistence.cpp:161]: Written size 57.33 KB (reserved 512.0 KB) for Accolades
[14:48:29][D][gamestate_persistence.cpp:161]: Written size 26.87 KB (reserved 512.0 KB) for TaxSlots
[14:48:29][D][gamestate_persistence.cpp:161]: Written size 29.00 B (reserved 512.0 KB) for Epidemics
[14:48:29][D][gamestate_persistence.cpp:161]: Written size 27.00 B (reserved 512.0 KB) for Legends
[14:48:29][D][gamestate_persistence.cpp:161]: Written size 927.9 KB (reserved 512.0 KB) for Domiciles
[14:48:29][D][gamestate_persistence.cpp:161]: Written size 2.069 KB (reserved 512.0 KB) for Contracts
[14:48:29][D][gamestate_persistence.cpp:161]: Written size 5.357 KB (reserved 512.0 KB) for Situations
[14:48:29][D][gamestate_persistence.cpp:161]: Written size 16.39 KB (reserved 512.0 KB) for SituationSubRegions
[14:48:29][D][gamestate_persistence.cpp:161]: Written size 16.28 KB (reserved 512.0 KB) for SituationParticipantGroups
[14:48:29][D][gamestate_persistence.cpp:161]: Written size 246.0 B (reserved 512.0 KB) for Migrations
[14:48:29][D][gamestate_persistence.cpp:161]: Written size 1.140 KB (reserved 512.0 KB) for Confederations
[14:48:29][D][gamestate_persistence.cpp:161]: Written size 67.46 KB (reserved 512.0 KB) for HouseRelations
[14:48:29][D][gamestate_persistence.cpp:161]: Written size 34.00 B (reserved 512.0 KB) for GreatProjects
[14:48:29][D][gamestate_persistence.cpp:161]: Written size 49.00 B (reserved 512.0 KB) for TitleAndVassalChanges
[14:48:29][D][gamestate_persistence.cpp:161]: Written size 7.930 KB (reserved 512.0 KB) for ClericalRegions
[14:48:29][D][gamestate_persistence.cpp:161]: Written size 28.00 B (reserved 512.0 KB) for TheocracyLeases
[14:48:29][D][gamestate_persistence.cpp:161]: Written size 4.313 KB (reserved 512.0 KB) for Organizations
[14:48:29][D][gamestate_persistence.cpp:222]: Savegame time 0
[15:22:47][D][gamestate_persistence.cpp:222]: Savegame time 0
[15:22:48][D][gamestate_persistence.cpp:161]: Written size 78.00 B (reserved 512.0 KB) for Unsynced
[15:22:48][D][gamestate_persistence.cpp:161]: Written size 43.00 B (reserved 512.0 KB) for Random
[15:22:48][D][gamestate_persistence.cpp:161]: Written size 8.000 B (reserved 512.0 KB) for GameSpeed
[15:22:48][D][gamestate_persistence.cpp:161]: Written size 54.00 B (reserved 512.0 KB) for Date
[15:22:48][D][gamestate_persistence.cpp:161]: Written size 24.87 KB (reserved 512.0 KB) for Variables
[15:22:48][D][gamestate_persistence.cpp:161]: Written size 4.039 KB (reserved 512.0 KB) for TraitLookup
[15:22:48][D][gamestate_persistence.cpp:161]: Written size 2.929 MB (reserved 4.000 MB) for Provinces
[15:22:48][D][gamestate_persistence.cpp:161]: Written size 6.302 MB (reserved 8.000 MB) for LandedTitles
[15:22:48][D][gamestate_persistence.cpp:161]: Written size 3.607 MB (reserved 16.00 MB) for Dynasties
[15:22:48][D][gamestate_persistence.cpp:161]: Written size 707.6 KB (reserved 512.0 KB) for ScriptedCharacters
[15:22:48][D][gamestate_persistence.cpp:161]: Written size 24.00 B (reserved 2.000 MB) for DeletedCharacters
[15:22:48][D][gamestate_persistence.cpp:161]: Written size 30.25 MB (reserved 32.00 MB) for LivingCharacters
[15:22:48][D][gamestate_persistence.cpp:161]: Written size 17.82 MB (reserved 32.00 MB) for DeadCharacters
[15:22:48][D][gamestate_persistence.cpp:161]: Written size 11.25 KB (reserved 6.000 MB) for CharacterManager
[15:22:48][D][gamestate_persistence.cpp:161]: Written size 5.659 KB (reserved 512.0 KB) for Units
[15:22:48][D][gamestate_persistence.cpp:161]: Written size 4.331 MB (reserved 512.0 KB) for Events
[15:22:48][D][gamestate_persistence.cpp:161]: Written size 325.0 B (reserved 512.0 KB) for Players
[15:22:48][D][gamestate_persistence.cpp:161]: Written size 1.428 MB (reserved 512.0 KB) for Armies
[15:22:48][D][gamestate_persistence.cpp:161]: Written size 6.277 KB (reserved 512.0 KB) for Activities
[15:22:48][D][gamestate_persistence.cpp:161]: Written size 240.2 KB (reserved 512.0 KB) for Opinions
[15:22:48][D][gamestate_persistence.cpp:161]: Written size 458.5 KB (reserved 512.0 KB) for Relations
[15:22:48][D][gamestate_persistence.cpp:161]: Written size 15.86 KB (reserved 512.0 KB) for Schemes
[15:22:48][D][gamestate_persistence.cpp:161]: Written size 15.97 KB (reserved 512.0 KB) for Stories
[15:22:48][D][gamestate_persistence.cpp:161]: Written size 49.00 B (reserved 512.0 KB) for Combats
[15:22:48][D][gamestate_persistence.cpp:161]: Written size 13.70 KB (reserved 512.0 KB) for PendingCharacterInteractions
[15:22:48][D][gamestate_persistence.cpp:161]: Written size 9.088 KB (reserved 512.0 KB) for Secrets
[15:22:48][D][gamestate_persistence.cpp:161]: Written size 57.38 KB (reserved 512.0 KB) for MercenaryCompanies
[15:22:48][D][gamestate_persistence.cpp:161]: Written size 651.3 KB (reserved 512.0 KB) for SubjectContracts
[15:22:48][D][gamestate_persistence.cpp:161]: Written size 62.89 KB (reserved 512.0 KB) for Religions
[15:22:48][D][gamestate_persistence.cpp:161]: Written size 245.4 KB (reserved 512.0 KB) for Faiths
[15:22:48][D][gamestate_persistence.cpp:161]: Written size 597.7 KB (reserved 512.0 KB) for Rites
[15:22:48][D][gamestate_persistence.cpp:161]: Written size 2.579 KB (reserved 512.0 KB) for Wars
[15:22:48][D][gamestate_persistence.cpp:161]: Written size 223.0 B (reserved 512.0 KB) for Sieges
[15:22:48][D][gamestate_persistence.cpp:161]: Written size 15.00 B (reserved 512.0 KB) for Succession
[15:22:48][D][gamestate_persistence.cpp:161]: Written size 215.0 B (reserved 512.0 KB) for Holdings
[15:22:48][D][gamestate_persistence.cpp:161]: Written size 456.1 KB (reserved 2.000 MB) for Counties
[15:22:48][D][gamestate_persistence.cpp:161]: Written size 31.00 B (reserved 512.0 KB) for Fleets
[15:22:48][D][gamestate_persistence.cpp:161]: Written size 932.0 KB (reserved 2.000 MB) for CouncilTasks
[15:22:48][D][gamestate_persistence.cpp:161]: Written size 11.88 KB (reserved 512.0 KB) for ImportantActions
[15:22:48][D][gamestate_persistence.cpp:161]: Written size 9.409 KB (reserved 2.000 MB) for Factions
[15:22:48][D][gamestate_persistence.cpp:161]: Written size 1.495 MB (reserved 2.000 MB) for Cultures
[15:22:48][D][gamestate_persistence.cpp:161]: Written size 5.228 KB (reserved 512.0 KB) for HolyOrders
[15:22:48][D][gamestate_persistence.cpp:161]: Written size 1.738 MB (reserved 2.000 MB) for AI
[15:22:48][D][gamestate_persistence.cpp:161]: Written size 2.693 KB (reserved 512.0 KB) for GameRules
[15:22:48][D][gamestate_persistence.cpp:161]: Written size 20.00 B (reserved 512.0 KB) for Raids
[15:22:48][D][gamestate_persistence.cpp:161]: Written size 35.00 B (reserved 512.0 KB) for BarterMissions
[15:22:48][D][gamestate_persistence.cpp:161]: Written size 105.0 B (reserved 512.0 KB) for Ironman
[15:22:48][D][gamestate_persistence.cpp:161]: Written size 9.840 MB (reserved 8.000 MB) for CoatOfArms
[15:22:48][D][gamestate_persistence.cpp:161]: Written size 0.000 B (reserved 512.0 KB) for RulerDesigner
[15:22:48][D][gamestate_persistence.cpp:161]: Written size 906.0 B (reserved 512.0 KB) for PlayerEvents
[15:22:48][D][gamestate_persistence.cpp:161]: Written size 511.1 KB (reserved 512.0 KB) for Artifacts
[15:22:48][D][gamestate_persistence.cpp:161]: Written size 857.0 B (reserved 512.0 KB) for Inspirations
[15:22:48][D][gamestate_persistence.cpp:161]: Written size 21.39 KB (reserved 512.0 KB) for CourtPositions
[15:22:48][D][gamestate_persistence.cpp:161]: Written size 2.243 KB (reserved 512.0 KB) for Struggles
[15:22:48][D][gamestate_persistence.cpp:161]: Written size 1.396 MB (reserved 512.0 KB) for CharacterMemories
[15:22:48][D][gamestate_persistence.cpp:161]: Written size 8.500 KB (reserved 512.0 KB) for Diarchies
[15:22:48][D][gamestate_persistence.cpp:161]: Written size 31.86 KB (reserved 512.0 KB) for TravelPlans
[15:22:48][D][gamestate_persistence.cpp:161]: Written size 57.33 KB (reserved 512.0 KB) for Accolades
[15:22:48][D][gamestate_persistence.cpp:161]: Written size 26.87 KB (reserved 512.0 KB) for TaxSlots
[15:22:48][D][gamestate_persistence.cpp:161]: Written size 29.00 B (reserved 512.0 KB) for Epidemics
[15:22:48][D][gamestate_persistence.cpp:161]: Written size 27.00 B (reserved 512.0 KB) for Legends
[15:22:48][D][gamestate_persistence.cpp:161]: Written size 927.9 KB (reserved 512.0 KB) for Domiciles
[15:22:48][D][gamestate_persistence.cpp:161]: Written size 2.069 KB (reserved 512.0 KB) for Contracts
[15:22:48][D][gamestate_persistence.cpp:161]: Written size 5.357 KB (reserved 512.0 KB) for Situations
[15:22:48][D][gamestate_persistence.cpp:161]: Written size 16.39 KB (reserved 512.0 KB) for SituationSubRegions
[15:22:48][D][gamestate_persistence.cpp:161]: Written size 16.28 KB (reserved 512.0 KB) for SituationParticipantGroups
[15:22:48][D][gamestate_persistence.cpp:161]: Written size 246.0 B (reserved 512.0 KB) for Migrations
[15:22:48][D][gamestate_persistence.cpp:161]: Written size 1.140 KB (reserved 512.0 KB) for Confederations
[15:22:48][D][gamestate_persistence.cpp:161]: Written size 67.46 KB (reserved 512.0 KB) for HouseRelations
[15:22:48][D][gamestate_persistence.cpp:161]: Written size 34.00 B (reserved 512.0 KB) for GreatProjects
[15:22:48][D][gamestate_persistence.cpp:161]: Written size 49.00 B (reserved 512.0 KB) for TitleAndVassalChanges
[15:22:48][D][gamestate_persistence.cpp:161]: Written size 7.930 KB (reserved 512.0 KB) for ClericalRegions
[15:22:48][D][gamestate_persistence.cpp:161]: Written size 28.00 B (reserved 512.0 KB) for TheocracyLeases
[15:22:48][D][gamestate_persistence.cpp:161]: Written size 4.313 KB (reserved 512.0 KB) for Organizations
[15:22:48][D][gamestate_persistence.cpp:222]: Savegame time 0
[15:22:48][D][application.cpp:1256]: Quit: Quit from inside game
[15:22:49][D][player.cpp:153]: CJominiPlayers:::DeleteAllPlayers - #1 players
