[17:23:01][W][bookmark.cpp:280]: Bookmark character 'bookmark_hamburg_rimbert' has invalid dynasty and invalid dynasty house scripted
[17:23:01][W][bookmark.cpp:280]: Bookmark character 'bookmark_adalwin_salzburg' has invalid dynasty and invalid dynasty house scripted
[17:23:01][W][bookmark.cpp:280]: Bookmark character 'bookmark_lupus_aquileia' has invalid dynasty and invalid dynasty house scripted
[17:23:02][W][holy_order_effect.cpp:99]: create_holy_order effect (%s): Both explicit holy order and random holy order requested, explicit holy order will take precedence
[17:23:02][W][holy_order_effect.cpp:99]: create_holy_order effect (%s): Both explicit holy order and random holy order requested, explicit holy order will take precedence
[17:23:02][W][holy_order_effect.cpp:99]: create_holy_order effect (%s): Both explicit holy order and random holy order requested, explicit holy order will take precedence
[17:23:02][W][holy_order_effect.cpp:99]: create_holy_order effect (%s): Both explicit holy order and random holy order requested, explicit holy order will take precedence
[17:23:02][W][holy_order_effect.cpp:99]: create_holy_order effect (%s): Both explicit holy order and random holy order requested, explicit holy order will take precedence
[17:23:02][W][holy_order_effect.cpp:99]: create_holy_order effect (%s): Both explicit holy order and random holy order requested, explicit holy order will take precedence
[17:23:02][W][holy_order_effect.cpp:99]: create_holy_order effect (%s): Both explicit holy order and random holy order requested, explicit holy order will take precedence
[17:23:02][W][holy_order_effect.cpp:99]: create_holy_order effect (%s): Both explicit holy order and random holy order requested, explicit holy order will take precedence
[17:23:02][W][holy_order_effect.cpp:99]: create_holy_order effect (%s): Both explicit holy order and random holy order requested, explicit holy order will take precedence
[17:23:02][E][jomini_script_system.cpp:304]: Script system error!
  Error: create_character effect [ Cannot specify both location and employer ]
  Script location: file: common/scripted_effects/lyd_r4_fixture_effects.txt line: 16 (lyd_r4_setup_effect)

[17:23:02][E][jomini_script_system.cpp:304]: Script system error!
  Error: create_character effect [ Cannot specify both location and employer ]
  Script location: file: common/scripted_effects/lyd_r4_fixture_effects.txt line: 28 (lyd_r4_setup_effect)

[17:23:53][I][savegameitem.cpp:734]: Waited 3015 ms for 3 main menu portraits, ready: false
[17:23:53][I][frontend_game_setup_view.cpp:638]: Requested 5 bookmark portraits
