Input #0, matroska,webm, from 'C:\ck3-war-episode04-research-20261004-a01\r0177-raw-abc-a2-continuation-a02\raw.mkv':
  Metadata:
    ENCODER         : Lavf63.1.101
  Duration: 00:48:04.97, start: 0.000000, bitrate: 12126 kb/s
  Stream #0:0: Video: h264 (Constrained Baseline), yuv420p(tv, progressive), 1920x1080, 30 fps, 30 tbr, 1k tbn
    Metadata:
      ENCODER         : Lavc63.1.101 libx264
      DURATION        : 00:48:04.966000000
Stream mapping:
  Stream #0:0 -> #0:0 (h264 (native) -> png (native))
[Parsed_showinfo_1 @ 00000246b2305c40] config in time_base: 1/1000, frame_rate: 30/1
[Parsed_showinfo_1 @ 00000246b2305c40] config out time_base: 0/0, frame_rate: 0/0
[Parsed_showinfo_1 @ 00000246b2305c40] n:   0 pts:   1000 pts_time:1       duration:     33 duration_time:0.033   fmt:yuv420p cl:left sar:0/1 s:1920x1080 i:P iskey:0 type:P checksum:7A2159F6 plane_checksum:[626A99E2 48E17256 75FE4DAF] mean:[93 122 127] stdev:[25.7 12.8 6.3]
[Parsed_showinfo_1 @ 00000246b2305c40] color_range:tv color_space:unknown color_primaries:unknown color_trc:unknown
Output #0, image2, to 'C:\ck3-war-episode04-research-20261004-a01\r0177-continuation-media-tools-a01\encoded-candidates-a01\r0177-continuation-00\candidate-%02d.png':
  Metadata:
    encoder         : Lavf63.1.101
  Stream #0:0: Video: png, rgb24(pc, gbr/unknown/unknown, progressive), 1920x1080, q=2-31, 200 kb/s, 30 fps, 30 tbn
    Metadata:
      encoder         : Lavc63.1.101 png
      DURATION        : 00:48:04.966000000
[out#0/image2 @ 00000246af8d3540] video:2686KiB audio:0KiB subtitle:0KiB other streams:0KiB global headers:0KiB muxing overhead: unknown
frame=    1 fps=0.0 q=-0.0 Lsize=N/A time=00:00:00.00 bitrate=N/A speed=   0x elapsed=0:00:00.35    
