test_daily_front_uses_actual_row_snapshot_not_old_result_revision (test_ck3_mod_acceptance_i4_day_frame_external.DayFrameReuse.test_daily_front_uses_actual_row_snapshot_not_old_result_revision) ... ok
test_failed_incomplete_event_or_missing_poststep_frame_never_queries (test_ck3_mod_acceptance_i4_day_frame_external.DayFrameReuse.test_failed_incomplete_event_or_missing_poststep_frame_never_queries) ... ok
test_first_observation_keeps_original_snapshot (test_ck3_mod_acceptance_i4_day_frame_external.DayFrameReuse.test_first_observation_keeps_original_snapshot) ... ok
test_full_actual_frame_guards_and_paused_identity_still_reject (test_ck3_mod_acceptance_i4_day_frame_external.DayFrameReuse.test_full_actual_frame_guards_and_paused_identity_still_reject) ... ok
test_native_revision_mismatch_or_absence_cannot_be_identity_only (test_ck3_mod_acceptance_i4_day_frame_external.DayFrameReuse.test_native_revision_mismatch_or_absence_cannot_be_identity_only) ... ok
test_provided_front_frame_is_validated_again_before_query (test_ck3_mod_acceptance_i4_day_frame_external.DayFrameReuse.test_provided_front_frame_is_validated_again_before_query) ... ok
test_absent_initial_flag_rejected (test_ck3_mod_acceptance_i4_natural_expiry.NaturalExpiryGuards.test_absent_initial_flag_rejected) ... ok
test_actual_elapsed_cap_not_only_submitted_day_count (test_ck3_mod_acceptance_i4_natural_expiry.NaturalExpiryGuards.test_actual_elapsed_cap_not_only_submitted_day_count) ... ok
test_ambiguous_or_hidden_confirm_cannot_mean_disabled (test_ck3_mod_acceptance_i4_natural_expiry.NaturalExpiryGuards.test_ambiguous_or_hidden_confirm_cannot_mean_disabled) ... ok
test_available_decision_alone_never_qualifies_eligibility (test_ck3_mod_acceptance_i4_natural_expiry.NaturalExpiryGuards.test_available_decision_alone_never_qualifies_eligibility) ... ok
test_calendar_jump_or_incomplete_interval_rejected (test_ck3_mod_acceptance_i4_natural_expiry.NaturalExpiryGuards.test_calendar_jump_or_incomplete_interval_rejected) ... ok
test_changed_footer_and_duplicate_anchor_rejected (test_ck3_mod_acceptance_i4_natural_expiry.NaturalExpiryGuards.test_changed_footer_and_duplicate_anchor_rejected) ... ok
test_enabled_and_disabled_are_actual_widget_booleans (test_ck3_mod_acceptance_i4_natural_expiry.NaturalExpiryGuards.test_enabled_and_disabled_are_actual_widget_booleans) ... ok
test_event_and_connection_change_rejected (test_ck3_mod_acceptance_i4_natural_expiry.NaturalExpiryGuards.test_event_and_connection_change_rejected) ... ok
test_final_body_no_flag_and_same_headless_membership (test_ck3_mod_acceptance_i4_natural_expiry.NaturalExpiryGuards.test_final_body_no_flag_and_same_headless_membership) ... ok
test_fresh_initial_absence_and_final_presence_rejected (test_ck3_mod_acceptance_i4_natural_expiry.NaturalExpiryGuards.test_fresh_initial_absence_and_final_presence_rejected) ... ok
test_fresh_initial_body_requires_present_flag_and_preserves_bytes (test_ck3_mod_acceptance_i4_natural_expiry.NaturalExpiryGuards.test_fresh_initial_body_requires_present_flag_and_preserves_bytes) ... ok
test_one_actual_natural_interval_and_duration (test_ck3_mod_acceptance_i4_natural_expiry.NaturalExpiryGuards.test_one_actual_natural_interval_and_duration) ... ok
test_raw_tick_never_becomes_remaining_days_or_date (test_ck3_mod_acceptance_i4_natural_expiry.NaturalExpiryGuards.test_raw_tick_never_becomes_remaining_days_or_date) ... ok
test_truncated_tree_cannot_mean_disabled (test_ck3_mod_acceptance_i4_natural_expiry.NaturalExpiryGuards.test_truncated_tree_cannot_mean_disabled) ... ok
test_typed_numeric_zero_is_not_a_flag (test_ck3_mod_acceptance_i4_natural_expiry.NaturalExpiryGuards.test_typed_numeric_zero_is_not_a_flag) ... ok
test_verify_rejects_intermediate_gap_even_when_sum_and_final_match (test_ck3_mod_acceptance_i4_natural_expiry.NaturalExpiryGuards.test_verify_rejects_intermediate_gap_even_when_sum_and_final_match) ... ok
test_wrong_faith_head_or_rite_parent_cannot_qualify (test_ck3_mod_acceptance_i4_natural_expiry.NaturalExpiryGuards.test_wrong_faith_head_or_rite_parent_cannot_qualify) ... ok
test_pending_native_ack_later_verified_actual_detail_accepted_unchanged (test_ck3_mod_acceptance_i4_natural_expiry.SelectedDetailCompletionGuards.test_pending_native_ack_later_verified_actual_detail_accepted_unchanged) ... ok
test_unverified_or_missing_later_observation_rejected (test_ck3_mod_acceptance_i4_natural_expiry.SelectedDetailCompletionGuards.test_unverified_or_missing_later_observation_rejected) ... ok
test_wrong_later_key_actor_frame_or_independent_target_rejected (test_ck3_mod_acceptance_i4_natural_expiry.SelectedDetailCompletionGuards.test_wrong_later_key_actor_frame_or_independent_target_rejected) ... ok

----------------------------------------------------------------------
Ran 26 tests in 0.037s

OK
