{"command": ["C:\\Program Files\\Microsoft Visual Studio\\18\\Community\\Common7\\IDE\\CommonExtensions\\Microsoft\\CMake\\CMake\\bin\\cmake.exe", "-S", "C:\\lr16s6\\ck3_autonomous_player\\native_bridge", "-B", "C:\\lr16b6", "-G", "Ninja", "-DCMAKE_BUILD_TYPE=Release", "-DCMAKE_MAKE_PROGRAM=C:\\Program Files\\Microsoft Visual Studio\\18\\Community\\Common7\\IDE\\CommonExtensions\\Microsoft\\CMake\\Ninja\\ninja.exe", "-DCMAKE_CXX_COMPILER=C:\\Program Files\\Microsoft Visual Studio\\18\\Community\\VC\\Tools\\MSVC\\14.51.36231\\bin\\HostX64\\x64\\cl.exe", "-DCMAKE_C_COMPILER=C:\\Program Files\\Microsoft Visual Studio\\18\\Community\\VC\\Tools\\MSVC\\14.51.36231\\bin\\HostX64\\x64\\cl.exe", "-DBUILD_TESTING:BOOL=ON", "-DXAR_CK3_ENABLE_PLAYER_CONTROL_PRIVATE_V1:BOOL=OFF", "-DXAR_CK3_EXECUTABLE_PATH:FILEPATH=C:/Program Files (x86)/Steam/steamapps/common/Crusader Kings III/binaries/ck3.exe", "-DXAR_CK3_ENABLE_FEUDAL_1066_BOOKMARK_MODEL_PRIVATE_V1:BOOL=ON", "-DXAR_CK3_ENABLE_FEUDAL_1066_SELECTED_BOOKMARK_START_PRIVATE_V1:BOOL=ON", "-DXAR_CK3_ENABLE_INGAME_DECISIONS_OPEN_PRIVATE_V1:BOOL=ON", "-DXAR_CK3_ENABLE_INGAME_DECISION_ITEM_ACTIONS_PRIVATE_V1:BOOL=ON", "-DXAR_CK3_ENABLE_INGAME_DECISION_OUTCOME_PRIVATE_V1:BOOL=ON", "-DXAR_CK3_ENABLE_CURRENT_ACTOR_STRESS_ADJUSTMENT_PRIVATE_V1:BOOL=ON", "-DXAR_CK3_ENABLE_ORDINARY_INTERACTION_PRIVATE_V1:BOOL=ON", "-DXAR_CK3_ENABLE_NORMAL_EXIT_MAP_PRIVATE_V1:BOOL=ON", "-DXAR_CK3_ENABLE_CONFUCIAN_ASSEMBLY_PREDICATES_PRIVATE_QUERY_V1:BOOL=ON", "-DXAR_CK3_ENABLE_CONFUCIAN_RELIGIOUS_TITLE_PRIVATE_QUERY_V1:BOOL=ON", "-DXAR_CK3_ENABLE_CONFUCIAN_CHALLENGER_GRAPH_PRIVATE_QUERY_V1:BOOL=ON", "-DXAR_CK3_ENABLE_GRANT_TITLE_PICKER_PRIVATE_V1:BOOL=ON", "-DXAR_CK3_ENABLE_AI_TERMINAL_REENTRY_DISPATCH_OBSERVER_V1:BOOL=OFF", "-DXAR_CK3_ENABLE_AUB_CONFIRM_STATE_PRIVATE_V1:BOOL=OFF", "-DXAR_CK3_ENABLE_AUB_POLICY_OPTIONS_PRIVATE_V1:BOOL=OFF", "-DXAR_CK3_ENABLE_COLD_MAP_VFS_OBSERVER_V1:BOOL=OFF", "-DXAR_CK3_ENABLE_COUNCIL_COMPOSITION_CANDIDATE_OBSERVER_V1:BOOL=OFF", "-DXAR_CK3_ENABLE_EXPERIMENTAL_COMBAT_PHASE_TRACE_MANAGED_V1:BOOL=OFF", "-DXAR_CK3_ENABLE_FRONTEND_GAME_RULES_PRIVATE_V1:BOOL=OFF", "-DXAR_CK3_ENABLE_G2_ACTIVE_SCHEME_PRIVATE_CANDIDATE_V1:BOOL=OFF", "-DXAR_CK3_ENABLE_G2_ACTIVE_SCHEME_SWAY_FORMAL_PRIVATE_ACTION_V1:BOOL=OFF", "-DXAR_CK3_ENABLE_G2_ACTIVE_SCHEME_SWAY_OUTCOME_OPINION_PRIVATE_QUERY_V1:BOOL=OFF", "-DXAR_CK3_ENABLE_G2_ACTIVITY_COST_SLOT12_PASSIVE_PRIVATE_V1:BOOL=OFF", "-DXAR_CK3_ENABLE_G2_ACTIVITY_FEAST_GUEST_CANDIDATE_PRIVATE_V1:BOOL=OFF", "-DXAR_CK3_ENABLE_G2_ACTIVITY_FEAST_GUEST_OPINION_PRIVATE_V1:BOOL=OFF", "-DXAR_CK3_ENABLE_G2_ACTIVITY_FEAST_GUEST_RULE_PROVENANCE_PRIVATE_V1:BOOL=OFF", "-DXAR_CK3_ENABLE_G2_ACTIVITY_FEAST_GUEST_RULE_TOGGLE_PRIVATE_V1:BOOL=OFF", "-DXAR_CK3_ENABLE_G2_ACTIVITY_FEAST_PLANNER_OPEN_PRIVATE_V1:BOOL=OFF", "-DXAR_CK3_ENABLE_G2_ACTIVITY_FEAST_STAGE5_START_PRIVATE_V1:BOOL=OFF", "-DXAR_CK3_ENABLE_G2_ACTIVITY_PLANNER_DIAG_PRIVATE_QUERY_V1:BOOL=OFF", "-DXAR_CK3_ENABLE_G2_ACTIVITY_PLANNING_SNAPSHOT_PRIVATE_GLUE_V1:BOOL=OFF", "-DXAR_CK3_ENABLE_G2_ACTIVITY_STAGE1_CONFIRM_PRIVATE_V1:BOOL=OFF", "-DXAR_CK3_ENABLE_G2_ACTIVITY_STAGE1_OPTION_READ_PRIVATE_V1:BOOL=OFF", "-DXAR_CK3_ENABLE_G2_ACTIVITY_STAGE2_DESTINATION_PRIVATE_V1:BOOL=OFF", "-DXAR_CK3_ENABLE_G2_ACTIVITY_STAGE2_GATE_READ_PRIVATE_V1:BOOL=OFF", "-DXAR_CK3_ENABLE_G2_ACTIVITY_STAGE2_LOCATION_READ_PRIVATE_V1:BOOL=OFF", "-DXAR_CK3_ENABLE_G2_ACTIVITY_STAGE2_OPTION_READ_PRIVATE_V1:BOOL=OFF", "-DXAR_CK3_ENABLE_G2_ACTIVITY_STAGE5_CANSTART_PRIVATE_V1:BOOL=OFF", "-DXAR_CK3_ENABLE_G2_ACTIVITY_STAGE5_FEAST_FULL_COST_PRIVATE_V1:BOOL=OFF", "-DXAR_CK3_ENABLE_G2_ACTIVITY_STAGE5_GOLD_COST_PRIVATE_V1:BOOL=OFF", "-DXAR_CK3_ENABLE_G2_ACTUAL_TRUCE_EXPIRY_CANDIDATE_V1:BOOL=OFF", "-DXAR_CK3_ENABLE_G2_CE1_RECOVERY_PRIVATE_V1:BOOL=OFF", "-DXAR_CK3_ENABLE_G2_CE1_TREATMENT_PRESENCE_PRIVATE_V1:BOOL=OFF", "-DXAR_CK3_ENABLE_G2_COUNCIL_APPLICATION_MAIN_PRIVATE_ROUTE_V1:BOOL=OFF", "-DXAR_CK3_ENABLE_G2_COUNCIL_ASSIGN_PRIVATE_ACTION_GATE_V1:BOOL=OFF", "-DXAR_CK3_ENABLE_G2_COUNCIL_COMPOSITION_STEWARD_CANDIDATES_PRIVATE_PROBE_V1:BOOL=OFF", "-DXAR_CK3_ENABLE_G2_COUNCIL_FINAL_GATE_PRIVATE_QUERY_V1:BOOL=OFF", "-DXAR_CK3_ENABLE_G2_CULTURE_INNOVATION_ASYNC_PRIVATE_PROBE_V1:BOOL=OFF", "-DXAR_CK3_ENABLE_G2_DEATH_SUCCESSION_MODAL_PRIVATE_V1:BOOL=OFF", "-DXAR_CK3_ENABLE_G2_DOMAIN_CONSTRUCTION_CANDIDATE_OBSERVER_V1:BOOL=OFF", "-DXAR_CK3_ENABLE_G2_DOMAIN_CONSTRUCTION_RUNTIME_OBSERVER_V1:BOOL=OFF", "-DXAR_CK3_ENABLE_G2_FACTION_GIFT_MITIGATION_ASYNC_PRIVATE_GLUE_V1:BOOL=OFF", "-DXAR_CK3_ENABLE_G2_FACTION_TARGETING_ROW_ASYNC_PRIVATE_PROBE_V1:BOOL=OFF", "-DXAR_CK3_ENABLE_G2_GOVERNMENT_RUNTIME_PRIVATE_QUERY_V1:BOOL=OFF", "-DXAR_CK3_ENABLE_G2_M5_ALLIANCE_PROJECTION_PRIVATE_QUERY_V1:BOOL=OFF", "-DXAR_CK3_ENABLE_G2_M5_CHILD_MATRILINEAL_PRIVATE_ACTION_V1:BOOL=OFF", "-DXAR_CK3_ENABLE_G2_M5_FAMILY_OBLIGATIONS_PRIVATE_QUERY_V1:BOOL=OFF", "-DXAR_CK3_ENABLE_G2_M5_HEIR_MARRIAGE_PRIVATE_ACTION_V1:BOOL=OFF", "-DXAR_CK3_ENABLE_G2_M5_PREWAR_SOURCES_PRIVATE_QUERY_V1:BOOL=OFF", "-DXAR_CK3_ENABLE_G2_M5_RANKED_MARRIAGE_PRIVATE_QUERY_V1:BOOL=OFF", "-DXAR_CK3_ENABLE_G2_M5_WAR_CASH_PRIVATE_QUERY_V1:BOOL=OFF", "-DXAR_CK3_ENABLE_G2_M5_WAR_PRIMARY_CURRENT_PRIVATE_V1:BOOL=OFF", "-DXAR_CK3_ENABLE_G2_MAJOR_DECISION_FOUND_KINGDOM_INTERNAL_ROUTE_V1:BOOL=OFF", "-DXAR_CK3_ENABLE_G2_MILITARY_PREPARATION_SUMMARY_PRIVATE_PROBE_V1:BOOL=OFF", "-DXAR_CK3_ENABLE_G2_MINOR_RELIGIOUS_WAR_DEFENDERS_PRIVATE_V1:BOOL=OFF", "-DXAR_CK3_ENABLE_G2_PLAYER_CLERGY_APPOINTMENT_PRIVATE_QUERY_V1:BOOL=OFF", "-DXAR_CK3_ENABLE_G2_PLAYER_CONSTRUCTION_VIEW_PROBE_PRIVATE_V1:BOOL=OFF", "-DXAR_CK3_ENABLE_G2_PLAYER_EPIDEMIC_RECOVERY_PRIVATE_QUERY_V1:BOOL=OFF", "-DXAR_CK3_ENABLE_G2_PLAYER_EPIDEMIC_TREATMENT_PRIVATE_QUERY_V1:BOOL=OFF", "-DXAR_CK3_ENABLE_G2_PLAYER_FACTION_ALERTS_PRIVATE_QUERY_V1:BOOL=OFF", "-DXAR_CK3_ENABLE_G2_PLAYER_LIFESTYLE_FORMAL_WIRE_PRIVATE_V1:BOOL=OFF", "-DXAR_CK3_ENABLE_G2_PLAYER_RELIGION_AI_REFORM_INPUTS_PRIVATE_QUERY_V1:BOOL=OFF", "-DXAR_CK3_ENABLE_G2_PLAYER_RELIGION_CONTEXT_PRIVATE_QUERY_V1:BOOL=OFF", "-DXAR_CK3_ENABLE_G2_PLAYER_RELIGION_DOCTRINES_PRIVATE_QUERY_V1:BOOL=OFF", "-DXAR_CK3_ENABLE_G2_PLAYER_RELIGION_DOCTRINE_CATALOGUE_PRIVATE_QUERY_V1:BOOL=OFF", "-DXAR_CK3_ENABLE_G2_PLAYER_RELIGION_DOCTRINE_KNOWLEDGE_PRIVATE_QUERY_V1:BOOL=OFF", "-DXAR_CK3_ENABLE_G2_PLAYER_RELIGION_DRAFT_DOCTRINE_CHOICES_PRIVATE_QUERY_V1:BOOL=OFF", "-DXAR_CK3_ENABLE_G2_PLAYER_RELIGION_DRAFT_GROUPS_PRIVATE_QUERY_V1:BOOL=OFF", "-DXAR_CK3_ENABLE_G2_PLAYER_RELIGION_DRAFT_RESOURCE_COSTS_PRIVATE_QUERY_V1:BOOL=OFF", "-DXAR_CK3_ENABLE_G2_PLAYER_RELIGION_DRAFT_TENET_CHOICES_PRIVATE_QUERY_V1:BOOL=OFF", "-DXAR_CK3_ENABLE_G2_PLAYER_RELIGION_HOSTILITY_PRIVATE_QUERY_V1:BOOL=OFF", "-DXAR_CK3_ENABLE_G2_PLAYER_RELIGION_NUMERIC_SPECIAL_PARAMETERS_PRIVATE_QUERY_V1:BOOL=OFF", "-DXAR_CK3_ENABLE_G2_PLAYER_RELIGION_PERSONAL_PARAMETERS_PRIVATE_QUERY_V1:BOOL=OFF", "-DXAR_CK3_ENABLE_G2_PLAYER_RELIGION_REFORM_CONTEXT_PRIVATE_QUERY_V1:BOOL=OFF", "-DXAR_CK3_ENABLE_G2_PLAYER_RELIGION_TENETS_PRIVATE_QUERY_V1:BOOL=OFF", "-DXAR_CK3_ENABLE_G2_PLAYER_RITE_GOVERNANCE_PRIVATE_QUERY_V1:BOOL=OFF", "-DXAR_CK3_ENABLE_G2_PLAYER_RITE_MEMBERS_PRIVATE_QUERY_V1:BOOL=OFF", "-DXAR_CK3_ENABLE_G2_PLAYER_WORLD_BUILDING_ACTION_PRIVATE_V1:BOOL=OFF", "-DXAR_CK3_ENABLE_G2_PRISONER_CHILD_RELATION_PRIVATE_V1:BOOL=OFF", "-DXAR_CK3_ENABLE_G2_PRISONER_COLLECTION_PRIVATE_QUERY_V1:BOOL=OFF", "-DXAR_CK3_ENABLE_G2_PRISONER_RANSOM_ACTION_PRIVATE_V1:BOOL=OFF", "-DXAR_CK3_ENABLE_G2_PRISONER_RANSOM_PREVIEW_PRIVATE_V1:BOOL=OFF", "-DXAR_CK3_ENABLE_G2_PRISONER_RELEASE_PREVIEW_PRIVATE_V1:BOOL=OFF", "-DXAR_CK3_ENABLE_G2_PRISONER_TITLE_TIER_PRIVATE_V1:BOOL=OFF", "-DXAR_CK3_ENABLE_G2_REALM_LAW_ENACT_PRIVATE_V1:BOOL=OFF", "-DXAR_CK3_ENABLE_G2_REALM_LAW_PAUSED_PRIVATE_QUERY_V1:BOOL=OFF", "-DXAR_CK3_ENABLE_G2_RELIGION_CONVERSION_PRIVATE_QUERY_V1:BOOL=OFF", "-DXAR_CK3_ENABLE_G2_TRUCE_DEFAULT_LEAF_DIAGNOSTICS_V1:BOOL=OFF", "-DXAR_CK3_ENABLE_G2_TRUCE_LEAF_CONTEXT_CAPTURE_V2:BOOL=OFF", "-DXAR_CK3_ENABLE_G2_TRUCE_NATIVE_CALLSITE_OBSERVER_V1:BOOL=OFF", "-DXAR_CK3_ENABLE_G2_TRUCE_PREVIEW_ENTRY_OBSERVER_V1:BOOL=OFF", "-DXAR_CK3_ENABLE_G2_TRUCE_PRIVATE_CAPTURE_V1:BOOL=OFF", "-DXAR_CK3_ENABLE_G2_WAR_BOUND_LOSS_CANDIDATE_V1:BOOL=OFF", "-DXAR_CK3_ENABLE_G2_WAR_BOUND_PRIVATE_CAPTURE_V1:BOOL=OFF", "-DXAR_CK3_ENABLE_H2743_PREACTION_EXISTING_TRUCE_CANDIDATE_V1:BOOL=OFF", "-DXAR_CK3_ENABLE_H2743_STOCK_PREDICATE_READER_V1:BOOL=OFF", "-DXAR_CK3_ENABLE_H3937_PHYSICAL_INVENTORY_MAILBOX_V1:BOOL=OFF", "-DXAR_CK3_ENABLE_NAMED_PATH_583_ROOT_OBSERVER_V1:BOOL=OFF", "-DXAR_CK3_ENABLE_ORDINARY_HOLY_WAR_DECLARATION_CONTEXT_PRIVATE_V1:BOOL=OFF", "-DXAR_CK3_ENABLE_PDX_PATHS_583_PRODUCER_OBSERVER_V1:BOOL=OFF", "-DXAR_CK3_ENABLE_PHASE2_COMPLETION_OBSERVER_V1:BOOL=OFF", "-DXAR_CK3_ENABLE_PHASE2_POST_CALL_LIST_IDENTITY_OBSERVER_V1:BOOL=OFF", "-DXAR_CK3_ENABLE_PHASE2_POST_CALL_OBSERVER_V1:BOOL=OFF", "-DXAR_CK3_ENABLE_PHASE2_PRODUCER_CONSUMER_CORRELATION_OBSERVER_V1:BOOL=OFF", "-DXAR_CK3_ENABLE_PHASE2_PRODUCER_IDENTITY_OBSERVER_V1:BOOL=OFF", "-DXAR_CK3_ENABLE_PHASE2_WRAPPER_CONSUMER_EDGE_OBSERVER_V1:BOOL=OFF", "-DXAR_CK3_ENABLE_PHASE2_WRAPPER_ENTRY_OBSERVER_V1:BOOL=OFF", "-DXAR_CK3_ENABLE_PHYSFS_MOUNTED_DATA_OBSERVER_V1:BOOL=OFF", "-DXAR_CK3_ENABLE_STARTUP_FAILURE_CONTAINMENT_V1:BOOL=OFF", "-DXAR_CK3_ENABLE_STARTUP_PARTICLE2_STAGE_RECORDER_V1:BOOL=OFF", "-DXAR_CK3_ENABLE_STARTUP_RBX_NULL_CALL_GUARD_V1:BOOL=OFF", "-DXAR_CK3_ENABLE_STARTUP_WIDGET_NULL_FLAG_CALL_GUARD_V1:BOOL=OFF", "-DXAR_CK3_ENABLE_STEWARD_DEVELOP_COUNTY_ENUMERATOR_OBSERVER_V1:BOOL=OFF", "-DXAR_CK3_ENABLE_VFS_MOUNT_LIFECYCLE_OBSERVER_V1:BOOL=OFF", "-DXAR_CK3_ENABLE_WAR_ACTOR_ARMY_ROLE_PRIVATE_V1:BOOL=OFF", "-DXAR_CK3_ENABLE_WHITE_CONTROL_ACTIONS_PRIVATE_V1:BOOL=OFF", "-DXAR_CK3_ENABLE_WHITE_PLAYER_BUSINESS_VARIABLES_PRIVATE_V1:BOOL=OFF", "-DXAR_CK3_ENABLE_WHITE_RENDERED_TEXT_PRIVATE_V1:BOOL=OFF", "-DXAR_CK3_ENABLE_ZHONGGUO_CAREER_HC_WORKFORCE_CANDIDATE_V1:BOOL=OFF", "-DXAR_CK3_ENABLE_ZHONGGUO_PROJECTS_METRICS_CANDIDATE_V1:BOOL=OFF", "-DXAR_CK3_ENABLE_ZHONGGUO_PROMOTION_COMPENSATION_CANDIDATE_V1:BOOL=OFF", "-DXAR_CK3_ENABLE_ZHONGGUO_SCOREBOARD_PRODUCTION_V1:BOOL=OFF"], "log": "C:\\lr16b6\\msvc-configure.log"}
-- The CXX compiler identification is MSVC 19.51.36260.0
-- Detecting CXX compiler ABI info
-- Detecting CXX compiler ABI info - done
-- Check for working CXX compiler: C:/Program Files/Microsoft Visual Studio/18/Community/VC/Tools/MSVC/14.51.36231/bin/HostX64/x64/cl.exe - skipped
-- Detecting CXX compile features
-- Detecting CXX compile features - done
-- Found Python3: C:/Users/Administrator/AppData/Local/Programs/Python/Python313/python.exe (found version "3.13.15") found components: Interpreter
-- Configuring done (4.3s)
-- Generating done (2.8s)
CMake Warning:
  Manually-specified variables were not used by the project:

    CMAKE_C_COMPILER


-- Build files have been written to: C:/lr16b6
{"command": ["C:\\Program Files\\Microsoft Visual Studio\\18\\Community\\Common7\\IDE\\CommonExtensions\\Microsoft\\CMake\\CMake\\bin\\cmake.exe", "--build", "C:\\lr16b6", "--parallel", "64", "--target", "xar_ck3_bridge", "xar_ck3_bridge_injector", "xar_confucian_assembly_predicates_v1_test", "xar_confucian_religious_title_readback_v1_test", "xar_confucian_challenger_graph_v1_test", "xar_ck3_main_thread_query_mailbox_v1_test", "xar_ck3_12002_event_window_context_test"], "log": "C:\\lr16b6\\msvc-build.log"}
[0/2] Re-checking globbed directories...
[1/502] Building CXX object CMakeFiles\xar_ck3_12002_runtime.dir\src\ck3_12002_actor_resources.cpp.obj
[2/502] Building CXX object CMakeFiles\xar_ck3_12002_runtime.dir\src\ck3_12002_family_value.cpp.obj
[3/502] Building CXX object CMakeFiles\xar_ck3_12002_runtime.dir\src\ck3_12002.cpp.obj
[4/502] Building CXX object CMakeFiles\xar_ck3_12002_runtime.dir\src\ck3_12002_feast_outcome_values.cpp.obj
[5/502] Building CXX object CMakeFiles\xar_ck3_12002_runtime.dir\src\ck3_12002_council_gates.cpp.obj
[6/502] Building CXX object CMakeFiles\xar_ck3_12002_runtime.dir\src\ck3_12002_console_fixture.cpp.obj
[7/502] Building CXX object CMakeFiles\xar_ck3_12002_runtime.dir\src\ck3_12002_council_assign.cpp.obj
[8/502] Building CXX object CMakeFiles\xar_ck3_12002_runtime.dir\src\ck3_12002_council_candidates.cpp.obj
[9/502] Building CXX object CMakeFiles\xar_ck3_12002_runtime.dir\src\ck3_12002_family_outbound.cpp.obj
[10/502] Building CXX object CMakeFiles\xar_bridge_protocol.dir\src\protocol.cpp.obj
[11/502] Building CXX object CMakeFiles\xar_ck3_12002_runtime.dir\src\ck3_12002_family_projection.cpp.obj
[12/502] Building CXX object CMakeFiles\xar_ck3_12002_runtime.dir\src\ck3_12002_council_runtime.cpp.obj
[13/502] Building CXX object CMakeFiles\xar_ck3_12002_runtime.dir\src\ck3_12002_gift_opinion.cpp.obj
[14/502] Building CXX object CMakeFiles\xar_ck3_12002_runtime.dir\src\ck3_12002_nonwar_mailbox.cpp.obj
[15/502] Building CXX object CMakeFiles\xar_ck3_12002_runtime.dir\src\ck3_12002_events.cpp.obj
[16/502] Building CXX object CMakeFiles\xar_ck3_12002_runtime.dir\src\ck3_12002_construction_held.cpp.obj
[17/502] Building CXX object CMakeFiles\xar_ck3_12002_runtime.dir\src\ck3_12002_family.cpp.obj
[18/502] Building CXX object CMakeFiles\xar_ck3_12002_runtime.dir\src\ck3_12002_context.cpp.obj
[19/502] Building CXX object CMakeFiles\xar_ck3_12002_runtime.dir\src\ck3_12002_family_subject.cpp.obj
[20/502] Building CXX object CMakeFiles\xar_ck3_12002_runtime.dir\src\ck3_12002_family_obligations_break.cpp.obj
[21/502] Building CXX object CMakeFiles\xar_ck3_12002_runtime.dir\src\ck3_12002_marriage_probe.cpp.obj
[22/502] Building CXX object CMakeFiles\xar_ck3_12002_runtime.dir\src\ck3_12002_lifestyle_commands.cpp.obj
[23/502] Building CXX object CMakeFiles\xar_ck3_12002_runtime.dir\src\ck3_12002_family_obligations_break_penalty.cpp.obj
[24/502] Building CXX object CMakeFiles\xar_ck3_12002_runtime.dir\src\ck3_12002_diplomacy.cpp.obj
[25/502] Building CXX object CMakeFiles\xar_ck3_12002_runtime.dir\src\ck3_12002_family_obligations_wire.cpp.obj
[26/502] Building CXX object CMakeFiles\xar_ck3_12002_runtime.dir\src\ck3_12002_activity_stage5_canstart_private_transport_v1.cpp.obj
[27/502] Building CXX object CMakeFiles\xar_ck3_12002_runtime.dir\src\ck3_12002_construction_process.cpp.obj
[28/502] Building CXX object CMakeFiles\xar_ck3_12002_runtime.dir\src\ck3_12002_family_ranked.cpp.obj
[29/502] Building CXX object CMakeFiles\xar_ck3_12002_runtime.dir\src\ck3_12002_family_wire.cpp.obj
[30/502] Building CXX object CMakeFiles\xar_ck3_12002_runtime.dir\src\ck3_12002_commands.cpp.obj
[31/502] Building CXX object CMakeFiles\xar_ck3_12002_runtime.dir\src\ck3_12002_construction.cpp.obj
[32/502] Building CXX object CMakeFiles\xar_ck3_12002_runtime.dir\src\ck3_12002_family_obligations_lineage.cpp.obj
[33/502] Building CXX object CMakeFiles\xar_ck3_12002_runtime.dir\src\ck3_12002_feature_serializer.cpp.obj
[34/502] Building CXX object CMakeFiles\xar_ck3_12002_runtime.dir\src\ck3_12002_lifestyle_focus.cpp.obj
[35/502] Building CXX object CMakeFiles\xar_ck3_12002_runtime.dir\src\ck3_12002_faction_gift.cpp.obj
[36/502] Building CXX object CMakeFiles\xar_ck3_12002_runtime.dir\src\ck3_12002_realm_law_candidate_collection.cpp.obj
[37/502] Building CXX object CMakeFiles\xar_ck3_12002_runtime.dir\src\ck3_12002_combat.cpp.obj
[38/502] Building CXX object CMakeFiles\xar_ck3_12002_runtime.dir\src\ck3_12002_faction_alerts.cpp.obj
[39/502] Building CXX object CMakeFiles\xar_ck3_12002_runtime.dir\src\ck3_12002_campaign_serializer.cpp.obj
[40/502] Building CXX object CMakeFiles\xar_ck3_12002_runtime.dir\src\ck3_12002_declarations.cpp.obj
[41/502] Building CXX object CMakeFiles\xar_ck3_12002_runtime.dir\src\ck3_12002_realm_law_active_collection.cpp.obj
[42/502] Building CXX object CMakeFiles\xar_ck3_12002_runtime.dir\src\ck3_12002_construction_mailbox.cpp.obj
[43/502] Building CXX object CMakeFiles\xar_ck3_12002_runtime.dir\src\ck3_12002_event_window_context.cpp.obj
[44/502] Building CXX object CMakeFiles\xar_ck3_12002_runtime.dir\src\ck3_12002_features.cpp.obj
[45/502] Building CXX object CMakeFiles\xar_ck3_12002_runtime.dir\src\ck3_12002_event_window_context_serializer.cpp.obj
[46/502] Building CXX object CMakeFiles\xar_ck3_12002_runtime.dir\src\ck3_12002_campaign.cpp.obj
[47/502] Building CXX object CMakeFiles\xar_ck3_12002_runtime.dir\src\ck3_12002_lifestyle_perk.cpp.obj
[48/502] Building CXX object CMakeFiles\xar_ck3_12002_runtime.dir\src\ck3_12002_military.cpp.obj
[49/502] Building CXX object CMakeFiles\xar_ck3_12002_runtime.dir\src\ck3_12002_lifestyle_wire.cpp.obj
[50/502] Building CXX object CMakeFiles\xar_ck3_12002_runtime.dir\src\ck3_12002_activity_feast_cost_private_transport_v1.cpp.obj
[51/502] Building CXX object CMakeFiles\xar_ck3_12002_runtime.dir\src\ck3_12002_claim_terms.cpp.obj
[52/502] Building CXX object CMakeFiles\xar_ck3_12002_runtime.dir\src\ck3_12002_activity_feast_private_transport_v1.cpp.obj
[53/502] Building CXX object CMakeFiles\xar_ck3_12002_runtime.dir\src\ck3_12002_realm_law_components.cpp.obj
[54/502] Building CXX object CMakeFiles\xar_ck3_12002_runtime.dir\src\ck3_12002_battle_journal.cpp.obj
[55/502] Building CXX object CMakeFiles\xar_ck3_12002_runtime.dir\src\ck3_12002_pending_context_serializer.cpp.obj
[56/502] Building CXX object CMakeFiles\xar_ck3_12002_runtime.dir\src\ck3_12002_activity_feast_guest_transport.cpp.obj
[57/502] Building CXX object CMakeFiles\xar_ck3_12002_runtime.dir\src\ck3_12002_realm_law_enact_command_v1.cpp.obj
[58/502] Building CXX object CMakeFiles\xar_ck3_12002_runtime.dir\src\ck3_12002_realm_law_final_terms.cpp.obj
[59/502] Building CXX object CMakeFiles\xar_ck3_12002_runtime.dir\src\ck3_12002_feast_planner_private_transport_v1.cpp.obj
[60/502] Building CXX object CMakeFiles\xar_ck3_12002_runtime.dir\src\ck3_12002_nonwar_council.cpp.obj
[61/502] Building CXX object CMakeFiles\xar_ck3_12002_runtime.dir\src\ck3_12002_family_ranked_mailbox.cpp.obj
[62/502] Building CXX object CMakeFiles\xar_ck3_12002_runtime.dir\src\ck3_12002_lifestyle_action.cpp.obj
[63/502] Building CXX object CMakeFiles\xar_ck3_12002_runtime.dir\src\ck3_12002_phase_culture.cpp.obj
[64/502] Building CXX object CMakeFiles\xar_ck3_12002_runtime.dir\src\ck3_12002_feast_planner_native.cpp.obj
[65/502] Building CXX object CMakeFiles\xar_ck3_12002_runtime.dir\src\ck3_12002_realm_law_enact_mutation_abi_v1.cpp.obj
[66/502] Building CXX object CMakeFiles\xar_ck3_12002_runtime.dir\src\ck3_12002_sway_state.cpp.obj
[67/502] Building CXX object CMakeFiles\xar_ck3_12002_runtime.dir\src\ck3_12002_nonwar_metrics.cpp.obj
[68/502] Building CXX object CMakeFiles\xar_ck3_12002_runtime.dir\src\ck3_12002_war_cash_treasury.cpp.obj
[69/502] Building CXX object CMakeFiles\xar_ck3_12002_runtime.dir\src\ck3_12002_title_map_serializer.cpp.obj
[70/502] Building CXX object CMakeFiles\xar_ck3_12002_runtime.dir\src\ck3_12002_pending_context.cpp.obj
[71/502] Building CXX object CMakeFiles\xar_ck3_12002_runtime.dir\src\ck3_12002_title_map.cpp.obj
[72/502] Building CXX object CMakeFiles\xar_ck3_12002_runtime.dir\src\ck3_12002_faction_mailbox.cpp.obj
[73/502] Building CXX object CMakeFiles\xar_ck3_12002_runtime.dir\src\ck3_12002_war_entry_serializer.cpp.obj
[74/502] Building CXX object CMakeFiles\xar_ck3_12002_runtime.dir\src\ck3_12002_phase_definitions.cpp.obj
[75/502] Building CXX object CMakeFiles\xar_ck3_12002_runtime.dir\src\ck3_12003_maa_create.cpp.obj
[76/502] Building CXX object CMakeFiles\xar_ck3_12002_runtime.dir\src\ck3_12002_lifestyle_state.cpp.obj
[77/502] Building CXX object CMakeFiles\xar_ck3_12002_runtime.dir\src\ck3_12002_thread_runtime.cpp.obj
[78/502] Building CXX object CMakeFiles\xar_ck3_12002_runtime.dir\src\ck3_12002_activity_feast_router.cpp.obj
[79/502] Building CXX object CMakeFiles\xar_ck3_12002_runtime.dir\src\ck3_12002_council_transport.cpp.obj
[80/502] Building CXX object CMakeFiles\xar_ck3_12002_runtime.dir\src\ck3_12002_government_mailbox.cpp.obj
[81/502] Building CXX object CMakeFiles\xar_ck3_12002_runtime.dir\src\ck3_12003_maa_recruitment.cpp.obj
[82/502] Building CXX object CMakeFiles\xar_ck3_12002_runtime.dir\src\ck3_12002_title_map_camera.cpp.obj
[83/502] Building CXX object CMakeFiles\xar_ck3_12002_runtime.dir\src\ck3_12002_nonwar_realm.cpp.obj
[84/502] Building CXX object CMakeFiles\xar_ck3_12002_runtime.dir\src\owned_regiments.cpp.obj
[85/502] Building CXX object CMakeFiles\xar_ck3_12002_runtime.dir\src\ck3_12002_phase_character.cpp.obj
[86/502] Building CXX object CMakeFiles\xar_ck3_12002_runtime.dir\src\ck3_12002_phase_advantage.cpp.obj
[87/502] Building CXX object CMakeFiles\xar_ck3_12002_runtime.dir\src\ck3_12002_family_obligations_mailbox.cpp.obj
[88/502] Building CXX object CMakeFiles\xar_ck3_12002_runtime.dir\src\ck3_12003_current_commander_martial.cpp.obj
[89/502] Building CXX object CMakeFiles\xar_ck3_12002_runtime.dir\src\ck3_12002_phase.cpp.obj
[90/502] Building CXX object CMakeFiles\xar_ck3_12002_runtime.dir\src\ck3_12002_phase_misc.cpp.obj
[91/502] Building CXX object CMakeFiles\xar_ck3_12002_runtime.dir\src\ck3_12003_mercenary_position.cpp.obj
[92/502] Building CXX object CMakeFiles\xar_ck3_12002_runtime.dir\src\ck3_12002_faction_gift_router.cpp.obj
[93/502] Building CXX object CMakeFiles\xar_ck3_12002_runtime.dir\src\ck3_12002_adapter.cpp.obj
[94/502] Building CXX object CMakeFiles\xar_ck3_12002_runtime.dir\src\ck3_12002_prisoner.cpp.obj
[95/502] Building CXX object CMakeFiles\xar_ck3_12002_runtime.dir\src\ck3_12002_battle.cpp.obj
[96/502] Building CXX object CMakeFiles\xar_ck3_12002_runtime.dir\src\ck3_12002_phase_diagnostic.cpp.obj
[97/502] Building CXX object CMakeFiles\xar_ck3_12002_runtime.dir\src\ck3_12003_war_cash_current_reader.cpp.obj
[98/502] Building CXX object CMakeFiles\xar_ck3_12002_runtime.dir\src\ck3_12003_player_mercenary_wire.cpp.obj
[99/502] Building CXX object CMakeFiles\xar_ck3_12002_runtime.dir\src\ck3_12003_player_mercenary_context.cpp.obj
[100/502] Building CXX object CMakeFiles\xar_ck3_12002_runtime.dir\src\ck3_12003_mercenary_candidates.cpp.obj
[101/502] Building CXX object CMakeFiles\xar_ck3_12002_runtime.dir\src\ck3_12002_prisoner_collection.cpp.obj
[102/502] Building CXX object CMakeFiles\xar_ck3_12002_runtime.dir\src\ck3_12003_confucian_assembly_predicates.cpp.obj
[103/502] Building CXX object CMakeFiles\xar_ck3_12002_runtime.dir\src\ck3_12002_settlement.cpp.obj
[104/502] Building CXX object CMakeFiles\xar_ck3_12002_runtime.dir\src\ck3_12002_army.cpp.obj
[105/502] Building CXX object CMakeFiles\xar_ck3_12002_runtime.dir\src\ck3_12003_mercenary_final_terms.cpp.obj
[106/502] Building CXX object CMakeFiles\xar_ck3_12002_runtime.dir\src\ck3_12003_mercenary_composition.cpp.obj
[107/502] Building CXX object CMakeFiles\xar_ck3_12002_runtime.dir\src\ck3_12002_prisoner_wire.cpp.obj
[108/502] Building CXX object CMakeFiles\xar_ck3_12002_runtime.dir\src\ck3_12002_nonwar_router.cpp.obj
[109/502] Building CXX object CMakeFiles\xar_ck3_12002_runtime.dir\src\player_lifestyle_window_candidates_v1.cpp.obj
[110/502] Building CXX object CMakeFiles\xar_ck3_12002_runtime.dir\src\ck3_12002_sway_command.cpp.obj
[111/502] Building CXX object CMakeFiles\xar_ck3_12002_runtime.dir\src\ck3_12002_sway_mailbox.cpp.obj
[112/502] Building CXX object CMakeFiles\xar_ck3_12002_runtime.dir\src\ck3_12002_routes.cpp.obj
[113/502] Building CXX object CMakeFiles\xar_ck3_12002_runtime.dir\src\ck3_12002_province.cpp.obj
[114/502] Building CXX object CMakeFiles\xar_ck3_12002_runtime.dir\src\ck3_12003_holy_order_current_reinforcement.cpp.obj
[115/502] Building CXX object CMakeFiles\xar_ck3_12002_runtime.dir\src\ck3_12002_realm_law_source_adapter.cpp.obj
[116/502] Building CXX object CMakeFiles\xar_ck3_12002_runtime.dir\src\ck3_12002_prisoner_war_retention.cpp.obj
[117/502] Building CXX object CMakeFiles\xar_ck3_12002_runtime.dir\src\ck3_12003_player_holy_order_context.cpp.obj
[118/502] Building CXX object CMakeFiles\xar_ck3_12002_runtime.dir\src\ck3_12003_battle_current_state.cpp.obj
[119/502] Building CXX object CMakeFiles\xar_ck3_12002_runtime.dir\src\ck3_12003_task_position_inputs.cpp.obj
[120/502] Building CXX object CMakeFiles\xar_ck3_12002_runtime.dir\src\ck3_12002_sway_serializer.cpp.obj
[121/502] Building CXX object CMakeFiles\xar_ck3_12002_runtime.dir\src\ck3_12002_realm_law.cpp.obj
[122/502] Building CXX object CMakeFiles\xar_ck3_12002_runtime.dir\src\main_thread_query_mailbox_v1.cpp.obj
[123/502] Building CXX object CMakeFiles\xar_ck3_12002_runtime.dir\src\ck3_12002_query_mailbox.cpp.obj
[124/502] Building CXX object CMakeFiles\xar_ck3_12002_runtime.dir\src\diac_literal_numeric_inputs_12003.cpp.obj
[125/502] Building CXX object CMakeFiles\xar_ck3_12002_runtime.dir\src\ck3_12002_prewar_muster.cpp.obj
[126/502] Building CXX object CMakeFiles\xar_ck3_12002_runtime.dir\src\ck3_12002_sway_handler.cpp.obj
[127/502] Building CXX object CMakeFiles\xar_ck3_12002_runtime.dir\src\ck3_12003_army_replenishment_records.cpp.obj
[128/502] Building CXX object CMakeFiles\xar_ck3_12002_runtime.dir\src\ck3_12002_prisoner_mailbox.cpp.obj
[129/502] Building CXX object CMakeFiles\xar_ck3_12002_runtime.dir\src\ck3_12003_rule43_diac_sources.cpp.obj
[130/502] Building CXX object CMakeFiles\xar_ck3_12002_runtime.dir\src\ck3_12003_mercenary_hire_action.cpp.obj
[131/502] Building CXX object CMakeFiles\xar_ck3_12002_runtime.dir\src\ck3_12002_world.cpp.obj
[132/502] Building CXX object CMakeFiles\xar_ck3_12002_runtime.dir\src\ck3_12003_war_cash_current_serializer.cpp.obj
[133/502] Building CXX object CMakeFiles\xar_ck3_12002_runtime.dir\src\ck3_12002_realm_law_mailbox.cpp.obj
[134/502] Building CXX object CMakeFiles\xar_ck3_12002_runtime.dir\src\battle_current_warscore_caps_v1.cpp.obj
[135/502] Building CXX object CMakeFiles\xar_ck3_12002_runtime.dir\src\ck3_12003_army_supply_timing.cpp.obj
[136/502] Building CXX object CMakeFiles\xar_ck3_12002_runtime.dir\src\ck3_12003_mercenary_hire_wire.cpp.obj
[137/502] Building CXX object CMakeFiles\xar_ck3_12002_runtime.dir\src\ck3_12003_title_laws_leaf.cpp.obj
[138/502] Building CXX object CMakeFiles\xar_ck3_12002_runtime.dir\src\ck3_12003_army_reserve.cpp.obj
[139/502] Building CXX object CMakeFiles\xar_ck3_12002_runtime.dir\src\ck3_12003_commander.cpp.obj
[140/502] Building CXX object CMakeFiles\xar_ck3_12002_runtime.dir\src\ck3_12003_title_holder.cpp.obj
[141/502] Building CXX object CMakeFiles\xar_ck3_12002_runtime.dir\src\ck3_12003_commander_target_roll.cpp.obj
[142/502] Building CXX object CMakeFiles\xar_ck3_12002_runtime.dir\src\realm_law_12004_native.cpp.obj
[143/502] Building CXX object CMakeFiles\xar_ck3_12002_runtime.dir\src\ck3_12003_war_occupation.cpp.obj
[144/502] Building CXX object CMakeFiles\xar_ck3_12002_runtime.dir\src\ck3_12003_holy_order_hire_action.cpp.obj
[145/502] Building CXX object CMakeFiles\xar_ck3_12002_runtime.dir\src\ck3_12002_war_entry.cpp.obj
[146/502] Building CXX object CMakeFiles\xar_ck3_12002_runtime.dir\src\ck3_12002_semantic_adapter.cpp.obj
[147/502] Building CXX object CMakeFiles\xar_ck3_12002_runtime.dir\src\ck3_12003_title_properties_leaf.cpp.obj
[148/502] Building CXX object CMakeFiles\xar_ck3_12002_runtime.dir\src\ck3_12002_realm_law_action_mailbox.cpp.obj
[149/502] Building CXX object CMakeFiles\xar_ck3_12002_runtime.dir\src\ck3_12003_prisoner_release_preview.cpp.obj
[150/502] Building CXX object CMakeFiles\xar_ck3_12002_runtime.dir\src\ck3_12004_core_frame_v1.cpp.obj
[151/502] Building CXX object CMakeFiles\xar_ck3_12002_runtime.dir\src\ck3_12003_religious_title_readback.cpp.obj
[152/502] Building CXX object CMakeFiles\xar_ck3_12002_runtime.dir\src\ck3_12003_family_terminal_events.cpp.obj
[153/502] Building CXX object CMakeFiles\xar_ck3_12002_runtime.dir\src\ck3_12003_holy_order_hire_wire.cpp.obj
[154/502] Building CXX object CMakeFiles\xar_ck3_12002_runtime.dir\src\ck3_12003_maa_create_private_mailbox.cpp.obj
[155/502] Building CXX object CMakeFiles\xar_ck3_12002_runtime.dir\src\ck3_12003_current_land_resupply.cpp.obj
[156/502] Building CXX object CMakeFiles\xar_ck3_12002_runtime.dir\src\county_faction_final_12003.cpp.obj
[157/502] Building CXX object CMakeFiles\xar_ck3_12002_runtime.dir\src\ck3_12004_religion_bindings.cpp.obj
[158/502] Building CXX object CMakeFiles\xar_ck3_12002_runtime.dir\src\ck3_12003_prisoner_release_preview_serializer.cpp.obj
[159/502] Building CXX object CMakeFiles\xar_ck3_12002_runtime.dir\src\ck3_12003_default_raise_mailbox.cpp.obj
[160/502] Building CXX object CMakeFiles\xar_ck3_12002_runtime.dir\src\ck3_12003_confucian_assembly_mailbox.cpp.obj
[161/502] Building CXX object CMakeFiles\xar_ck3_12002_runtime.dir\src\ck3_12003_war_cash_current_mailbox.cpp.obj
[162/502] Building CXX object CMakeFiles\xar_ck3_12002_runtime.dir\src\ck3_12003_adapter.cpp.obj
[163/502] Building CXX object CMakeFiles\xar_ck3_12002_runtime.dir\src\ck3_12003_context_sources.cpp.obj
[164/502] Building CXX object CMakeFiles\xar_ck3_12002_runtime.dir\src\ck3_12004_phase_character.cpp.obj
[165/502] Building CXX object CMakeFiles\xar_ck3_12002_runtime.dir\research\ck3_12002_construction_submit_binding.cpp.obj
[166/502] Building CXX object CMakeFiles\xar_ck3_12002_runtime.dir\src\ck3_12004_adapter.cpp.obj
[167/502] Building CXX object CMakeFiles\xar_ck3_12002_runtime.dir\src\ck3_12004_frontend_bookmark.cpp.obj
[168/502] Building CXX object CMakeFiles\xar_ck3_12002_runtime.dir\src\ck3_12003_current_land_supply_rate.cpp.obj
[169/502] Building CXX object CMakeFiles\xar_ck3_12002_runtime.dir\src\ck3_12003_commander_assignment.cpp.obj
[170/502] Building CXX object CMakeFiles\xar_ck3_12002_runtime.dir\src\ordinary_character_interaction_v1.cpp.obj
[171/502] Building CXX object CMakeFiles\xar_ck3_12002_runtime.dir\src\ck3_12003_player_mercenary_mailbox.cpp.obj
[172/502] Building CXX object CMakeFiles\xar_ck3_12002_runtime.dir\src\ck3_12004_religion_draft_bindings.cpp.obj
[173/502] Building CXX object CMakeFiles\xar_ck3_12002_runtime.dir\src\ck3_12004_religion_costs_eligibility_bindings.cpp.obj
[174/502] Building CXX object CMakeFiles\xar_ck3_12002_runtime.dir\src\ck3_12004_gift_opinion.cpp.obj
[175/502] Building CXX object CMakeFiles\xar_ck3_12002_runtime.dir\src\ck3_12003_abi_profile.cpp.obj
[176/502] Building CXX object CMakeFiles\xar_ck3_12002_runtime.dir\src\ck3_12004_abi_profile.cpp.obj
[177/502] Building CXX object CMakeFiles\xar_ck3_12002_runtime.dir\src\ck3_12003_commander_mailbox.cpp.obj
[178/502] Building CXX object CMakeFiles\xar_ck3_12002_runtime.dir\src\ck3_12003_player_mercenary_hire_mailbox.cpp.obj
[179/502] Building CXX object CMakeFiles\xar_ck3_12002_runtime.dir\src\ck3_12003_confucian_religious_title_mailbox.cpp.obj
[180/502] Building CXX object CMakeFiles\xar_ck3_12002_runtime.dir\src\ck3_12004_prisoner_named.cpp.obj
[181/502] Building CXX object CMakeFiles\xar_ck3_12002_runtime.dir\src\ck3_12003_player_holy_order_hire_mailbox.cpp.obj
[182/502] Building CXX object CMakeFiles\xar_ck3_12002_runtime.dir\src\ck3_12004_ingame_ui.cpp.obj
[183/502] Building CXX object CMakeFiles\xar_ck3_12002_runtime.dir\src\battle_current_finalizer_manager_inputs_reader_12003.cpp.obj
[184/502] Building CXX object CMakeFiles\xar_ck3_12002_runtime.dir\src\ck3_12003_current_province_supply_contributors.cpp.obj
[185/502] Building CXX object CMakeFiles\xar_ck3_12002_runtime.dir\src\ck3_12003_commander_assignment_mailbox.cpp.obj
[186/502] Building CXX object CMakeFiles\xar_ck3_12002_runtime.dir\src\grant_title_picker_v1.cpp.obj
[187/502] Building CXX object CMakeFiles\xar_ck3_12002_runtime.dir\src\ck3_12003_scoped_ordered_refill_core.cpp.obj
[188/502] Building CXX object CMakeFiles\xar_ck3_12002_runtime.dir\src\ck3_12004_doctrine_catalogue_bindings.cpp.obj
[189/502] Building CXX object CMakeFiles\xar_ck3_12002_runtime.dir\src\ck3_12004_world.cpp.obj
[190/502] Linking CXX static library xar_bridge_protocol.lib
[191/502] Building CXX object CMakeFiles\xar_ck3_12002_runtime.dir\src\ck3_12003_current_province_besieging_contributors.cpp.obj
[192/502] Building CXX object CMakeFiles\xar_ck3_12002_runtime.dir\src\ck3_12004_snapshot_foundation.cpp.obj
[193/502] Building CXX object CMakeFiles\xar_ck3_12002_runtime.dir\src\ck3_12004_family_relationships.cpp.obj
[194/502] Building CXX object CMakeFiles\xar_ck3_12002_runtime.dir\src\ck3_12004_council_assign.cpp.obj
[195/502] Building CXX object CMakeFiles\xar_ck3_12002_runtime.dir\src\ck3_12003_current_assault_removal_reference.cpp.obj
[196/502] Building CXX object CMakeFiles\xar_ck3_12002_runtime.dir\src\ck3_12003_fixed_chunk0_preparation.cpp.obj
[197/502] Building CXX object CMakeFiles\xar_ck3_12002_runtime.dir\src\ck3_12004_council_gates.cpp.obj
[198/502] Building CXX object CMakeFiles\xar_ck3_12002_runtime.dir\src\ck3_12004_mercenary_bindings.cpp.obj
[199/502] Building CXX object CMakeFiles\xar_ck3_12002_runtime.dir\src\ck3_12004_council_candidates.cpp.obj
[200/502] Building CXX object CMakeFiles\xar_ck3_12002_runtime.dir\src\ck3_12003_ordered_besieging_refill_inputs.cpp.obj
[201/502] Building CXX object CMakeFiles\xar_ck3_12002_runtime.dir\src\ordinary_holy_war_declaration_context12003_mailbox.cpp.obj
[202/502] Building CXX object CMakeFiles\xar_ck3_12002_runtime.dir\src\ck3_12004_diplomacy.cpp.obj
[203/502] Building CXX object CMakeFiles\xar_ck3_bridge.dir\src\cold_map_vfs_observer_v1.cpp.obj
[204/502] Building CXX object CMakeFiles\xar_ck3_12002_runtime.dir\src\ck3_12004_family_obligations_alliance.cpp.obj
[205/502] Building CXX object CMakeFiles\xar_ck3_12002_runtime.dir\src\ordinary_holy_war_cb_cost_v1.cpp.obj
[206/502] Building CXX object CMakeFiles\xar_ck3_12002_runtime.dir\src\ck3_12004_war_declarations.cpp.obj
[207/502] Building CXX object CMakeFiles\xar_ck3_12002_runtime.dir\src\ck3_12003_current_daily_assault_loss.cpp.obj
[208/502] Building CXX object CMakeFiles\xar_ck3_12002_runtime.dir\src\ck3_12004_province.cpp.obj
[209/502] Building CXX object CMakeFiles\xar_ck3_12002_runtime.dir\src\ck3_12004_council_runtime.cpp.obj
[210/502] Building CXX object CMakeFiles\xar_ck3_12002_runtime.dir\src\ck3_12003_ordered_besieging_fixed_chunk0_preparation.cpp.obj
[211/502] Building CXX object CMakeFiles\xar_ck3_12002_runtime.dir\src\ck3_12004_battle_journal.cpp.obj
[212/502] Building CXX object CMakeFiles\xar_ck3_12002_runtime.dir\src\ck3_12004_family_break_penalty.cpp.obj
[213/502] Building CXX object CMakeFiles\xar_ck3_12002_runtime.dir\src\ck3_12004_battle.cpp.obj
[214/502] Building CXX object CMakeFiles\xar_ck3_12002_runtime.dir\src\ck3_12004_family.cpp.obj
[215/502] Building CXX object CMakeFiles\xar_ck3_12002_runtime.dir\src\ck3_12004_hired_troop_shared_bindings.cpp.obj
[216/502] Building CXX object CMakeFiles\xar_ck3_bridge.dir\src\pdx_paths_583_producer_observer_v1.cpp.obj
[217/502] Building CXX object CMakeFiles\xar_ck3_bridge.dir\src\named_path_583_root_observer_v1.cpp.obj
[218/502] Building CXX object CMakeFiles\xar_ck3_12002_runtime.dir\src\ck3_12004_interaction_context.cpp.obj
[219/502] Building CXX object CMakeFiles\xar_ck3_12002_runtime.dir\src\ck3_12004_family_subject.cpp.obj
[220/502] Building CXX object CMakeFiles\xar_ck3_12002_runtime.dir\src\frontend_bookmark_model_result_v1.cpp.obj
[221/502] Building CXX object CMakeFiles\xar_ck3_bridge.dir\src\player_construction_view_probe_v1.cpp.obj
[222/502] Building CXX object CMakeFiles\xar_ck3_12002_runtime.dir\src\ck3_12004_succession_modal.cpp.obj
[223/502] Building CXX object CMakeFiles\xar_ck3_12002_runtime.dir\src\ck3_12004_family_ranked.cpp.obj
[224/502] Building CXX object CMakeFiles\xar_ck3_bridge.dir\src\vfs_mount_lifecycle_observer_v1.cpp.obj
[225/502] Building CXX object CMakeFiles\xar_ck3_12002_runtime.dir\src\ck3_12004_holy_war.cpp.obj
[226/502] Building CXX object CMakeFiles\xar_ck3_12002_runtime.dir\src\ck3_12004_army.cpp.obj
[227/502] Building CXX object CMakeFiles\xar_ck3_12002_runtime.dir\src\ck3_12003_confucian_challenger_graph_mailbox.cpp.obj
[228/502] Building CXX object CMakeFiles\xar_ck3_12002_runtime.dir\src\ck3_12004_commander_mailbox.cpp.obj
[229/502] Building CXX object CMakeFiles\xar_ck3_bridge.dir\src\physfs_mounted_data_observer_v1.cpp.obj
[230/502] Building CXX object CMakeFiles\xar_ck3_12002_runtime.dir\src\ck3_12004_epidemic.cpp.obj
[231/502] Building CXX object CMakeFiles\xar_ck3_12002_runtime.dir\src\ck3_12004_army_support.cpp.obj
[232/502] Building CXX object CMakeFiles\xar_ck3_12002_runtime.dir\src\ck3_12004_family_actions.cpp.obj
[233/502] Building CXX object CMakeFiles\xar_ck3_12002_runtime.dir\src\ck3_12004_prisoner_collection.cpp.obj
[234/502] Building CXX object CMakeFiles\xar_ck3_12002_runtime.dir\src\ck3_12004_prisoner_ransom.cpp.obj
[235/502] Building CXX object CMakeFiles\xar_ck3_12002_runtime.dir\src\ck3_12004_sway.cpp.obj
[236/502] Building CXX object CMakeFiles\xar_bridge_injector.dir\src\injector.cpp.obj
[237/502] Building CXX object CMakeFiles\xar_ck3_12002_runtime.dir\src\ck3_12004_prisoner_release_preview.cpp.obj
[238/502] Building CXX object CMakeFiles\xar_ck3_bridge.dir\research\domain_construction_cost_legality_collector_source_adapter_v1.cpp.obj
[239/502] Building CXX object CMakeFiles\xar_ck3_12002_runtime.dir\src\ck3_12003_challenger_graph_readback.cpp.obj
[240/502] Building CXX object CMakeFiles\xar_ck3_bridge.dir\src\player_faction_alerts_v1.cpp.obj
[241/502] Building CXX object CMakeFiles\xar_ck3_12002_runtime.dir\src\ck3_12004_war_cash_claim_terms.cpp.obj
[242/502] Building CXX object CMakeFiles\xar_ck3_bridge.dir\research\domain_construction_candidate_cost_legality_decoder_v1.cpp.obj
[243/502] Building CXX object CMakeFiles\xar_ck3_bridge.dir\research\domain_construction_candidate_identity_decoder_v1.cpp.obj
[244/502] Building CXX object CMakeFiles\xar_ck3_bridge.dir\src\steward_develop_county_action_v1.cpp.obj
[245/502] Building CXX object CMakeFiles\xar_ck3_bridge.dir\src\player_faction_alerts_v1_serializer.cpp.obj
[246/502] Building CXX object CMakeFiles\xar_ck3_12002_runtime.dir\src\ck3_12004_religion_adopted_observers.cpp.obj
[247/502] Building CXX object CMakeFiles\xar_ck3_12002_runtime.dir\src\ck3_12004_war.cpp.obj
[248/502] Building CXX object CMakeFiles\xar_ck3_bridge.dir\src\domain_construction_shared_glue_v1.cpp.obj
[249/502] Building CXX object CMakeFiles\xar_ck3_bridge.dir\src\steward_develop_county_enumerator_observer_v1.cpp.obj
[250/502] Building CXX object CMakeFiles\xar_ck3_bridge.dir\research\domain_construction_cost_legality_live_observer_v1.cpp.obj
[251/502] Building CXX object CMakeFiles\xar_ck3_bridge.dir\research\domain_construction_native_submit_adapter_v1.cpp.obj
[252/502] Building CXX object CMakeFiles\xar_ck3_bridge.dir\src\council_composition_steward_candidates_reader_v1.cpp.obj
[253/502] Building CXX object CMakeFiles\xar_ck3_bridge.dir\src\council_composition_candidates_enrichment_v1.cpp.obj
[254/502] Building CXX object CMakeFiles\xar_ck3_bridge.dir\research\domain_construction_semantic_action_core_v1.cpp.obj
[255/502] Building CXX object CMakeFiles\xar_ck3_bridge.dir\src\council_composition_candidates_public_v1.cpp.obj
[256/502] Building CXX object CMakeFiles\xar_ck3_bridge.dir\src\council_assign_councillor_action_v1.cpp.obj
[257/502] Building CXX object CMakeFiles\xar_ck3_12002_runtime.dir\src\ck3_12004_military.cpp.obj
[258/502] Building CXX object CMakeFiles\xar_ck3_12002_runtime.dir\src\ck3_12004_holy_order_bindings.cpp.obj
[259/502] Building CXX object CMakeFiles\xar_ck3_12002_runtime.dir\src\ck3_12004_prisoner_ransom_action.cpp.obj
[260/502] Building CXX object CMakeFiles\xar_ck3_bridge.dir\src\council_production_final_gates_v1.cpp.obj
[261/502] Building CXX object CMakeFiles\xar_ck3_12002_runtime.dir\src\ck3_12004_features.cpp.obj
[262/502] Building CXX object CMakeFiles\xar_ck3_bridge.dir\src\council_composition_steward_candidates_binding_v1.cpp.obj
[263/502] Building CXX object CMakeFiles\xar_ck3_bridge.dir\src\council_composition_candidates_public_v1_serializer.cpp.obj
[264/502] Building CXX object CMakeFiles\xar_ck3_bridge.dir\src\council_composition_candidate_observer_v1.cpp.obj
[265/502] Building CXX object CMakeFiles\xar_ck3_bridge.dir\src\council_composition_candidate_observer_v1_serializer.cpp.obj
[266/502] Building CXX object CMakeFiles\xar_ck3_bridge.dir\src\council_replacement_fireability_v1.cpp.obj
[267/502] Building CXX object CMakeFiles\xar_ck3_12002_runtime.dir\src\ck3_12004_tactical_daily_sentinel.cpp.obj
[268/502] Building CXX object CMakeFiles\xar_ck3_12002_runtime.dir\src\ck3_12004_government_runtime_binder.cpp.obj
[269/502] Building CXX object CMakeFiles\xar_ck3_bridge.dir\src\council_assign_councillor_native_submit_adapter_v1.cpp.obj
[270/502] Building CXX object CMakeFiles\xar_ck3_bridge.dir\src\coat_of_arms_designer_probe_v1.cpp.obj
[271/502] Building CXX object CMakeFiles\xar_ck3_bridge.dir\src\council_application_main_v1.cpp.obj
[272/502] Building CXX object CMakeFiles\xar_ck3_12002_runtime.dir\src\ck3_12004_default_routes_mailbox.cpp.obj
[273/502] Building CXX object CMakeFiles\xar_ck3_bridge.dir\src\combat_counter_output_readout_v1.cpp.obj
[274/502] Building CXX object CMakeFiles\xar_ck3_12002_runtime.dir\src\ck3_12004_combat.cpp.obj
[275/502] Building CXX object CMakeFiles\xar_ck3_bridge.dir\src\combat_v3_test_only.cpp.obj
[276/502] Building CXX object CMakeFiles\xar_ck3_12002_runtime.dir\src\frontend_gui_result_v1.cpp.obj
[277/502] Building CXX object CMakeFiles\xar_ck3_bridge.dir\src\actual_contact_scope_v1_mailbox.cpp.obj
[278/502] Building CXX object CMakeFiles\xar_ck3_bridge.dir\src\battle_terminal_journal_v1.cpp.obj
[279/502] Building CXX object CMakeFiles\xar_ck3_bridge.dir\src\combat_advantage_components_observer_v1.cpp.obj
[280/502] Building CXX object CMakeFiles\xar_ck3_bridge.dir\src\player_world_building_action_candidate_v1.cpp.obj
[281/502] Building CXX object CMakeFiles\xar_ck3_12002_runtime.dir\src\ingame_ui_mailbox_v1.cpp.obj
[282/502] Building CXX object CMakeFiles\xar_ck3_12002_runtime.dir\src\ck3_12004_commander_assignment.cpp.obj
[283/502] Building CXX object CMakeFiles\xar_ck3_bridge.dir\src\battle_reinforcement_assignment_v1_mailbox.cpp.obj
[284/502] Building CXX object CMakeFiles\xar_ck3_12002_runtime.dir\src\ck3_12004_prisoner_mailbox.cpp.obj
C:\lr16s6\ck3_autonomous_player\native_bridge\src\ck3_12004_prisoner_mailbox.cpp(264): warning C4100: 'step': Œ¥“˝”√µƒ≤Œ ˝
[285/502] Building CXX object CMakeFiles\xar_ck3_bridge.dir\src\player_held_construction_model_enumerator_v1.cpp.obj
[286/502] Building CXX object CMakeFiles\xar_ck3_12002_runtime.dir\src\ck3_12004_religion_context_addons.cpp.obj
[287/502] Building CXX object CMakeFiles\xar_ck3_bridge.dir\src\player_construction_view_probe_v1_process.cpp.obj
[288/502] Building CXX object CMakeFiles\xar_ck3_bridge.dir\src\ck3_12003_steward_develop_county.cpp.obj
[289/502] Building CXX object CMakeFiles\xar_ck3_12002_runtime.dir\src\ck3_12004_council_action_runtime.cpp.obj
[290/502] Building CXX object CMakeFiles\xar_ck3_12002_runtime.dir\src\ck3_12004_prisoner_wire.cpp.obj
[291/502] Building CXX object CMakeFiles\xar_ck3_bridge.dir\src\campaign_root_context_v1.cpp.obj
[292/502] Building CXX object CMakeFiles\xar_ck3_bridge.dir\src\player_world_building_definition_source_v1.cpp.obj
[293/502] Building CXX object CMakeFiles\xar_ck3_bridge.dir\src\campaign_root_context_v1_mailbox.cpp.obj
[294/502] Building CXX object CMakeFiles\xar_ck3_bridge.dir\src\steward_develop_county_candidates_v1.cpp.obj
[295/502] Building CXX object CMakeFiles\xar_ck3_12002_runtime.dir\src\ck3_12004_religion_parameter_bindings.cpp.obj
[296/502] Building CXX object CMakeFiles\xar_ck3_bridge.dir\src\player_faction_alerts_v1_mailbox.cpp.obj
[297/502] Building CXX object CMakeFiles\xar_ck3_bridge.dir\src\campaign_root_context_v1_serializer.cpp.obj
[298/502] Building CXX object CMakeFiles\xar_ck3_bridge.dir\src\player_world_building_definition_source_v1_process.cpp.obj
[299/502] Building CXX object CMakeFiles\xar_ck3_bridge.dir\src\steward_develop_county_candidates_v1_serializer.cpp.obj
[300/502] Building CXX object CMakeFiles\xar_ck3_bridge.dir\src\battle_transition_v1_mailbox.cpp.obj
[301/502] Building CXX object CMakeFiles\xar_ck3_bridge.dir\src\battle_control_snapshot_v1_mailbox.cpp.obj
[302/502] Building CXX object CMakeFiles\xar_ck3_bridge.dir\src\steward_develop_county_candidates_v1_mailbox.cpp.obj
[303/502] Building CXX object CMakeFiles\xar_ck3_bridge.dir\src\player_construction_view_probe_v1_mailbox.cpp.obj
[304/502] Linking CXX static library xar_ck3_12002_runtime.lib
[305/502] Building CXX object CMakeFiles\xar_ck3_bridge.dir\src\g2_truce_native_callsite_observer_v1.cpp.obj
[306/502] Building CXX object CMakeFiles\xar_ck3_bridge.dir\src\g2_truce_preview_entry_observer_v1.cpp.obj
[307/502] Building CXX object CMakeFiles\xar_ck3_bridge.dir\src\domain_construction_application_main_runtime_v1.cpp.obj
[308/502] Building CXX object CMakeFiles\xar_ck3_bridge.dir\src\government_runtime_adapter_observer_v1.cpp.obj
[309/502] Building CXX object CMakeFiles\xar_ck3_bridge.dir\src\battle_terminal_transition_v1_mailbox.cpp.obj
[310/502] Building CXX object CMakeFiles\xar_ck3_bridge.dir\src\combat_phase_event_trace_v1_mailbox.cpp.obj
[311/502] Building CXX object CMakeFiles\xar_ck3_bridge.dir\src\major_decision_found_kingdom_source_adapter_v1.cpp.obj
[312/502] Building CXX object CMakeFiles\xar_ck3_bridge.dir\src\combat_phase_event_trace_v1.cpp.obj
[313/502] Building CXX object CMakeFiles\xar_ck3_bridge.dir\src\major_decision_found_kingdom_native_binder_v1.cpp.obj
[314/502] Building CXX object CMakeFiles\xar_ck3_bridge.dir\src\loaded_feature_manifest_v1.cpp.obj
[315/502] Building CXX object CMakeFiles\xar_ck3_bridge.dir\src\loaded_feature_manifest_v1_serializer.cpp.obj
[316/502] Building CXX object CMakeFiles\xar_ck3_bridge.dir\src\major_decision_found_kingdom_action_core_v1.cpp.obj
[317/502] Building CXX object CMakeFiles\xar_ck3_bridge.dir\src\combat_v3_serializer.cpp.obj
[318/502] Building CXX object CMakeFiles\xar_ck3_bridge.dir\src\marriage_alliance_projection_adapter_v1.cpp.obj
[319/502] Building CXX object CMakeFiles\xar_ck3_bridge.dir\src\major_decision_found_kingdom_observer_v1.cpp.obj
[320/502] Building CXX object CMakeFiles\xar_ck3_bridge.dir\src\council_application_main_private_transport_v1.cpp.obj
[321/502] Building CXX object CMakeFiles\xar_ck3_bridge.dir\src\major_decision_found_kingdom_native_submit_v1.cpp.obj
[322/502] Building CXX object CMakeFiles\xar_ck3_bridge.dir\src\major_decision_found_kingdom_shared_glue_v1.cpp.obj
[323/502] Building CXX object CMakeFiles\xar_ck3_bridge.dir\src\event_window_context_v1_serializer.cpp.obj
[324/502] Building CXX object CMakeFiles\xar_ck3_bridge.dir\src\main_thread_query_mailbox_v1.cpp.obj
[325/502] Building CXX object CMakeFiles\xar_ck3_bridge.dir\src\major_decision_found_kingdom_internal_route_v1.cpp.obj
[326/502] Building CXX object CMakeFiles\xar_ck3_bridge.dir\src\marriage_matchmaking_observer_v1.cpp.obj
[327/502] Building CXX object CMakeFiles\xar_ck3_bridge.dir\src\marriage_application_main_receipt_v1.cpp.obj
[328/502] Building CXX object CMakeFiles\xar_ck3_bridge.dir\src\current_timeline_blocker_context_v1.cpp.obj
[329/502] Building CXX object CMakeFiles\xar_ck3_bridge.dir\src\marriage_alliance_readback_adapter_v1.cpp.obj
[330/502] Building CXX object CMakeFiles\xar_ck3_bridge.dir\src\player_epidemic_treatment_presence_v1.cpp.obj
[331/502] Building CXX object CMakeFiles\xar_ck3_bridge.dir\src\marriage_matchmaking_source_adapter_v1.cpp.obj
[332/502] Building CXX object CMakeFiles\xar_ck3_bridge.dir\src\death_succession_modal_continue_v1.cpp.obj
[333/502] Building CXX object CMakeFiles\xar_ck3_bridge.dir\src\marriage_native_outcome_classifier_v1.cpp.obj
[334/502] Building CXX object CMakeFiles\xar_ck3_bridge.dir\src\combat_simulation_inputs_v3_mailbox.cpp.obj
[335/502] Building CXX object CMakeFiles\xar_ck3_bridge.dir\src\event_window_context_v1.cpp.obj
[336/502] Building CXX object CMakeFiles\xar_ck3_bridge.dir\src\player_epidemic_recovery_v1.cpp.obj
[337/502] Building CXX object CMakeFiles\xar_ck3_bridge.dir\src\current_timeline_blocker_context_v1_native.cpp.obj
[338/502] Building CXX object CMakeFiles\xar_ck3_bridge.dir\src\event_window_context_v1_mailbox.cpp.obj
[339/502] Building CXX object CMakeFiles\xar_ck3_bridge.dir\src\marriage_proposal_action_core_v1.cpp.obj
[340/502] Building CXX object CMakeFiles\xar_ck3_bridge.dir\src\marriage_proposal_native_binder_v1.cpp.obj
[341/502] Building CXX object CMakeFiles\xar_ck3_bridge.dir\src\marriage_ranked_container_adapter_v1.cpp.obj
[342/502] Building CXX object CMakeFiles\xar_ck3_bridge.dir\src\ck3_12003_succession_modal.cpp.obj
[343/502] Building CXX object CMakeFiles\xar_ck3_bridge.dir\src\frontend_bookmark_model_probe_v1.cpp.obj
[344/502] Building CXX object CMakeFiles\xar_ck3_bridge.dir\src\player_epidemic_recovery_v1_mailbox.cpp.obj
[345/502] Building CXX object CMakeFiles\xar_ck3_bridge.dir\src\ck3_11906_adapter.cpp.obj
[346/502] Building CXX object CMakeFiles\xar_ck3_bridge.dir\src\player_epidemic_treatment_presence_v1_mailbox.cpp.obj
[347/502] Building CXX object CMakeFiles\xar_ck3_bridge.dir\src\marriage_proposal_resolution_journal_v1.cpp.obj
[348/502] Building CXX object CMakeFiles\xar_ck3_bridge.dir\src\aub_business_state_v1.cpp.obj
[349/502] Building CXX object CMakeFiles\xar_ck3_bridge.dir\src\phase2_producer_identity_observer_v1.cpp.obj
[350/502] Building CXX object CMakeFiles\xar_ck3_bridge.dir\src\current_timeline_blocker_context_v1_mailbox.cpp.obj
[351/502] Building CXX object CMakeFiles\xar_ck3_bridge.dir\src\realm_law_enact_mutation_abi_v1.cpp.obj
[352/502] Building CXX object CMakeFiles\xar_ck3_bridge.dir\src\normal_exit_map_request_v1.cpp.obj
[353/502] Building CXX object CMakeFiles\xar_ck3_bridge.dir\src\phase2_completion_observer_v1.cpp.obj
[354/502] Building CXX object CMakeFiles\xar_ck3_bridge.dir\src\phase2_wrapper_entry_observer_v1.cpp.obj
[355/502] Building CXX object CMakeFiles\xar_ck3_bridge.dir\src\phase2_wrapper_consumer_edge_observer_v1.cpp.obj
[356/502] Building CXX object CMakeFiles\xar_ck3_bridge.dir\src\realm_law_governance_snapshot_v1.cpp.obj
[357/502] Building CXX object CMakeFiles\xar_ck3_bridge.dir\src\startup_rbx_null_call_guard_v1.cpp.obj
[358/502] Building CXX object CMakeFiles\xar_ck3_bridge.dir\src\marriage_shared_glue_v1.cpp.obj
[359/502] Building CXX object CMakeFiles\xar_ck3_bridge.dir\src\phase2_post_call_observer_v1.cpp.obj
[360/502] Building CXX object CMakeFiles\xar_ck3_bridge.dir\src\aub_policy_options_v1.cpp.obj
[361/502] Building CXX object CMakeFiles\xar_ck3_bridge.dir\src\frontend_gui_route_v1.cpp.obj
[362/502] Building CXX object CMakeFiles\xar_ck3_bridge.dir\src\startup_localize_current_root_guard_v1.cpp.obj
[363/502] Building CXX object CMakeFiles\xar_ck3_bridge.dir\src\ingame_decisions_opener_v1.cpp.obj
[364/502] Building CXX object CMakeFiles\xar_ck3_bridge.dir\src\government_runtime_adapter_source_adapter_v1.cpp.obj
[365/502] Building CXX object CMakeFiles\xar_ck3_bridge.dir\src\raiktor_surrender_truce_v1.cpp.obj
[366/502] Building CXX object CMakeFiles\xar_ck3_bridge.dir\src\realm_law_governance_source_adapter_v1.cpp.obj
[367/502] Building CXX object CMakeFiles\xar_ck3_bridge.dir\src\startup_dx11_render_context_draw_guard_v1.cpp.obj
[368/502] Building CXX object CMakeFiles\xar_ck3_bridge.dir\src\startup_widget_null_flag_call_guard_v1.cpp.obj
[369/502] Building CXX object CMakeFiles\xar_ck3_bridge.dir\src\realm_law_enact_action_v1.cpp.obj
[370/502] Building CXX object CMakeFiles\xar_ck3_bridge.dir\src\phase2_post_call_list_identity_observer_v1.cpp.obj
[371/502] Building CXX object CMakeFiles\xar_ck3_bridge.dir\src\realm_law_native_shared_glue_v1.cpp.obj
[372/502] Building CXX object CMakeFiles\xar_ck3_bridge.dir\src\combat_v3.cpp.obj
[373/502] Building CXX object CMakeFiles\xar_ck3_bridge.dir\src\current_first_heir_relationship_v1.cpp.obj
[374/502] Building CXX object CMakeFiles\xar_ck3_bridge.dir\src\realm_law_native_binder_v1.cpp.obj
[375/502] Building CXX object CMakeFiles\xar_ck3_bridge.dir\src\aub_policy_options_mailbox_v1.cpp.obj
[376/502] Building CXX object CMakeFiles\xar_ck3_bridge.dir\src\observed_heir_marriage_private_v1.cpp.obj
[377/502] Building CXX object CMakeFiles\xar_ck3_bridge.dir\src\realm_law_application_main_v1.cpp.obj
[378/502] Building CXX object CMakeFiles\xar_ck3_bridge.dir\src\startup_particle2_consumer_null_guard_v1.cpp.obj
[379/502] Building CXX object CMakeFiles\xar_ck3_bridge.dir\src\startup_particle2_null_guard_v1.cpp.obj
[380/502] Building CXX object CMakeFiles\xar_ck3_bridge.dir\src\war_entry_assessments_v1_serializer.cpp.obj
[381/502] Building CXX object CMakeFiles\xar_ck3_bridge.dir\src\frontend_game_rules_v1.cpp.obj
[382/502] Building CXX object CMakeFiles\xar_ck3_bridge.dir\src\ingame_decision_item_v1.cpp.obj
[383/502] Building CXX object CMakeFiles\xar_ck3_bridge.dir\src\startup_particle2_stage_recorder_v1.cpp.obj
[384/502] Building CXX object CMakeFiles\xar_ck3_bridge.dir\src\projected_contact_scope_v1_serializer.cpp.obj
[385/502] Building CXX object CMakeFiles\xar_ck3_bridge.dir\src\title_holder_v1_serializer.cpp.obj
[386/502] Building CXX object CMakeFiles\xar_ck3_bridge.dir\src\government_runtime_adapter_bridge_binder_v1.cpp.obj
[387/502] Building CXX object CMakeFiles\xar_ck3_bridge.dir\src\white_control_action_v1.cpp.obj
[388/502] Building CXX object CMakeFiles\xar_ck3_bridge.dir\src\normal_exit_map_v1.cpp.obj
[389/502] Building CXX object CMakeFiles\xar_ck3_bridge.dir\src\white_rendered_text_v1.cpp.obj
[390/502] Building CXX object CMakeFiles\xar_ck3_bridge.dir\src\marriage_candidate_internal_route_v1.cpp.obj
[391/502] Building CXX object CMakeFiles\xar_ck3_bridge.dir\src\war_occupation_targets_v1_serializer.cpp.obj
[392/502] Building CXX object CMakeFiles\xar_ck3_bridge.dir\src\war_entry_assessments_v1_mailbox.cpp.obj
[393/502] Building CXX object CMakeFiles\xar_ck3_bridge.dir\src\loaded_feature_manifest_v1_mailbox.cpp.obj
[394/502] Building CXX object CMakeFiles\xar_ck3_bridge.dir\src\title_map_navigation_v1_serializer.cpp.obj
[395/502] Building CXX object CMakeFiles\xar_ck3_bridge.dir\src\title_map_navigation_v1_camera.cpp.obj
[396/502] Building CXX object CMakeFiles\xar_ck3_bridge.dir\src\death_succession_modal_continue_v1_mailbox.cpp.obj
[397/502] Building CXX object CMakeFiles\xar_ck3_bridge.dir\src\ck3_11906.cpp.obj
[398/502] Building CXX object CMakeFiles\xar_ck3_bridge.dir\src\title_map_navigation_v1.cpp.obj
[399/502] Building CXX object CMakeFiles\xar_ck3_bridge.dir\src\war_entry_assessments_v1.cpp.obj
[400/502] Building CXX object CMakeFiles\xar_ck3_bridge.dir\src\pending_character_interaction_context_v1_serializer.cpp.obj
[401/502] Building CXX object CMakeFiles\xar_ck3_bridge.dir\src\white_player_business_variables_v1.cpp.obj
[402/502] Building CXX object CMakeFiles\xar_ck3_bridge.dir\src\normal_exit_map_source_v1.cpp.obj
[403/502] Building CXX object CMakeFiles\xar_ck3_bridge.dir\src\raiktor_war_bound_regiment_v1.cpp.obj
[404/502] Building CXX object CMakeFiles\xar_ck3_bridge.dir\src\raiktor_actual_truce_expiry_v1.cpp.obj
[405/502] Building CXX object CMakeFiles\xar_ck3_bridge.dir\src\combat_counter_output_detour_v1.cpp.obj
[406/502] Building CXX object CMakeFiles\xar_ck3_bridge.dir\src\set_played_character_v1_mailbox.cpp.obj
[407/502] Building CXX object CMakeFiles\xar_ck3_bridge.dir\src\pending_character_interaction_context_v1_mailbox.cpp.obj
[408/502] Building CXX object CMakeFiles\xar_ck3_bridge.dir\src\route_contact_horizon_v1_mailbox.cpp.obj
[409/502] Building CXX object CMakeFiles\xar_ck3_bridge.dir\src\pending_character_interaction_context_v1.cpp.obj
[410/502] Building CXX object CMakeFiles\xar_ck3_bridge.dir\src\zhongguo_ai_owned_case_snapshot_v1_serializer.cpp.obj
[411/502] Building CXX object CMakeFiles\xar_ck3_bridge.dir\src\zhongguo_case_snapshot_v1_serializer.cpp.obj
[412/502] Building CXX object CMakeFiles\xar_ck3_bridge.dir\src\zhongguo_ai_owned_case_snapshot_v1.cpp.obj
[413/502] Building CXX object CMakeFiles\xar_ck3_bridge.dir\src\combat_phase_event_trace_detour_v1.cpp.obj
[414/502] Building CXX object CMakeFiles\xar_ck3_bridge.dir\src\game_adapter.cpp.obj
[415/502] Building CXX object CMakeFiles\xar_ck3_bridge.dir\src\zhongguo_b1_cycle_snapshot_v1.cpp.obj
[416/502] Linking CXX static library xar_bridge_injector.lib
[417/502] Building CXX object CMakeFiles\xar_ck3_bridge.dir\src\zhongguo_b1_cycle_snapshot_v1_serializer.cpp.obj
[418/502] Building CXX object CMakeFiles\xar_ck3_bridge.dir\src\h2743_stock_predicate_reader_v1.cpp.obj
[419/502] Building CXX object CMakeFiles\xar_ck3_bridge.dir\src\zhongguo_manager_subordinate_selector_v1.cpp.obj
[420/502] Building CXX object CMakeFiles\xar_ck3_bridge.dir\src\title_map_navigation_v1_mailbox.cpp.obj
[421/502] Building CXX object CMakeFiles\xar_ck3_bridge.dir\src\h2743_stock_native_source_adapter_v1.cpp.obj
[422/502] Building CXX object CMakeFiles\xar_ck3_bridge.dir\src\zhongguo_case_snapshot_v1.cpp.obj
[423/502] Building CXX object CMakeFiles\xar_ck3_bridge.dir\src\ordinary_interaction_request_v1.cpp.obj
[424/502] Building CXX object CMakeFiles\xar_ck3_bridge.dir\src\tactical_daily_sentinel_v1.cpp.obj
[425/502] Building CXX object CMakeFiles\xar_ck3_bridge.dir\src\combat_phase_event_trace_wire_v1.cpp.obj
[426/502] Building CXX object CMakeFiles\xar_ck3_bridge.dir\src\zhongguo_b1_cycle_snapshot_v1_mailbox.cpp.obj
[427/502] Building CXX object CMakeFiles\xar_ck3_bridge.dir\src\zhongguo_career_hc_workforce_postcondition_v1.cpp.obj
[428/502] Building CXX object CMakeFiles\xar_ck3_bridge.dir\src\zhongguo_manager_subordinate_selector_v1_serializer.cpp.obj
[429/502] Building CXX object CMakeFiles\xar_ck3_bridge.dir\src\zhongguo_incident_snapshot_v1_serializer.cpp.obj
[430/502] Building CXX object CMakeFiles\xar_ck3_bridge.dir\src\zhongguo_b2_pip_snapshot_v1.cpp.obj
[431/502] Building CXX object CMakeFiles\xar_confucian_assembly_predicates_v1_test.dir\src\ck3_12002.cpp.obj
[432/502] Building CXX object CMakeFiles\xar_ck3_bridge.dir\src\zhongguo_manager_governance_snapshot_v1_serializer.cpp.obj
[433/502] Building CXX object CMakeFiles\xar_ck3_bridge.dir\src\zhongguo_incident_snapshot_v1.cpp.obj
[434/502] Building CXX object CMakeFiles\xar_ck3_bridge.dir\src\zhongguo_projects_metrics_postcondition_v1_serializer.cpp.obj
[435/502] Building CXX object CMakeFiles\xar_ck3_bridge.dir\src\zhongguo_scoreboard_production_v1.cpp.obj
[436/502] Building CXX object CMakeFiles\xar_ck3_bridge.dir\src\zhongguo_ai_owned_case_snapshot_v1_mailbox.cpp.obj
[437/502] Building CXX object CMakeFiles\xar_ck3_bridge.dir\src\zhongguo_b2_pip_snapshot_v1_serializer.cpp.obj
[438/502] Building CXX object CMakeFiles\xar_ck3_bridge.dir\src\zhongguo_career_hc_workforce_postcondition_v1_serializer.cpp.obj
[439/502] Building CXX object CMakeFiles\xar_ck3_bridge.dir\src\zhongguo_case_snapshot_v1_mailbox.cpp.obj
[440/502] Building CXX object CMakeFiles\xar_ck3_bridge.dir\src\zhongguo_compensation_af5_snapshot_v1.cpp.obj
[441/502] Building CXX object CMakeFiles\xar_ck3_bridge.dir\src\zhongguo_manager_governance_snapshot_v1_mailbox.cpp.obj
[442/502] Building CXX object CMakeFiles\xar_ck3_bridge.dir\src\zhongguo_b2_pip_snapshot_v1_mailbox.cpp.obj
[443/502] Building CXX object CMakeFiles\xar_ck3_bridge.dir\src\zhongguo_promotion_source_progress_v1_mailbox.cpp.obj
[444/502] Building CXX object CMakeFiles\xar_ck3_main_thread_query_mailbox_v1_test.dir\src\main_thread_query_mailbox_v1.cpp.obj
[445/502] Building CXX object CMakeFiles\xar_ck3_bridge.dir\src\zhongguo_manager_governance_snapshot_v1.cpp.obj
[446/502] Building CXX object CMakeFiles\xar_ck3_bridge.dir\src\zhongguo_scoreboard_action_v1_mailbox.cpp.obj
[447/502] Building CXX object CMakeFiles\xar_ck3_bridge.dir\src\zhongguo_promotion_compensation_postcondition_v1_mailbox.cpp.obj
[448/502] Building CXX object CMakeFiles\xar_ck3_bridge.dir\src\zhongguo_career_hc_workforce_postcondition_v1_mailbox.cpp.obj
[449/502] Building CXX object CMakeFiles\xar_ck3_bridge.dir\src\zhongguo_incident_snapshot_v1_mailbox.cpp.obj
[450/502] Building CXX object CMakeFiles\xar_ck3_bridge.dir\src\ingame_ui_navigation_v1.cpp.obj
[451/502] Building CXX object CMakeFiles\xar_ck3_bridge.dir\src\zhongguo_projects_metrics_postcondition_v1_mailbox.cpp.obj
[452/502] Building CXX object CMakeFiles\xar_ck3_bridge.dir\src\zhongguo_scoreboard_state_v1_serializer.cpp.obj
[453/502] Building CXX object CMakeFiles\xar_ck3_bridge.dir\src\zhongguo_workforce_normal_exit_snapshot_v1_serializer.cpp.obj
[454/502] Building CXX object CMakeFiles\xar_ck3_bridge.dir\src\bridge.cpp.obj
[455/502] Building CXX object CMakeFiles\xar_ck3_bridge.dir\src\zhongguo_compensation_af5_snapshot_v1_mailbox.cpp.obj
[456/502] Building CXX object CMakeFiles\xar_ck3_bridge.dir\src\zhongguo_workforce_collective_snapshot_v1_serializer.cpp.obj
[457/502] Building CXX object CMakeFiles\xar_ck3_bridge.dir\src\zhongguo_projects_metrics_postcondition_v1.cpp.obj
[458/502] Building CXX object CMakeFiles\xar_ck3_bridge.dir\src\zhongguo_scoreboard_state_v1_mailbox.cpp.obj
[459/502] Building CXX object CMakeFiles\xar_ck3_bridge.dir\src\zhongguo_promotion_compensation_postcondition_v1.cpp.obj
[460/502] Building CXX object CMakeFiles\xar_ck3_bridge.dir\src\zhongguo_workforce_owner_snapshot_v1_mailbox.cpp.obj
[461/502] Building CXX object CMakeFiles\xar_ck3_bridge.dir\src\zhongguo_scoreboard_action_v1.cpp.obj
[462/502] Building CXX object CMakeFiles\xar_confucian_assembly_predicates_v1_test.dir\src\ck3_12003_confucian_assembly_predicates.cpp.obj
[463/502] Building CXX object CMakeFiles\xar_ck3_bridge.dir\src\zhongguo_workforce_collective_snapshot_v1_mailbox.cpp.obj
[464/502] Building CXX object CMakeFiles\xar_ck3_bridge_injector.dir\src\injector_main.cpp.obj
[465/502] Building CXX object CMakeFiles\xar_ck3_bridge.dir\src\zhongguo_workforce_normal_exit_snapshot_v1.cpp.obj
[466/502] Building CXX object CMakeFiles\xar_ck3_bridge.dir\src\zhongguo_workforce_collective_snapshot_v1.cpp.obj
[467/502] Building CXX object CMakeFiles\xar_ck3_bridge.dir\src\zhongguo_workforce_owner_snapshot_v1.cpp.obj
[468/502] Linking CXX executable xar_ck3_bridge_injector.exe
[469/502] Building CXX object CMakeFiles\xar_ck3_bridge.dir\src\zhongguo_workforce_normal_exit_snapshot_v1_mailbox.cpp.obj
[470/502] Building CXX object CMakeFiles\xar_confucian_assembly_predicates_v1_test.dir\src\ck3_12003_confucian_assembly_predicates_test.cpp.obj
[471/502] Building CXX object CMakeFiles\xar_ck3_bridge.dir\src\zhongguo_scoreboard_state_v1.cpp.obj
[472/502] Building CXX object CMakeFiles\xar_ck3_bridge.dir\src\zhongguo_result_case_snapshot_v1_mailbox.cpp.obj
[473/502] Building CXX object CMakeFiles\xar_ck3_bridge.dir\src\zhongguo_result_case_snapshot_v1.cpp.obj
[474/502] Building CXX object CMakeFiles\xar_ck3_bridge.dir\src\h2743_stock_private_query_v1.cpp.obj
[475/502] Building CXX object CMakeFiles\xar_ck3_bridge.dir\src\zhongguo_result_case_snapshot_v1_serializer.cpp.obj
[476/502] Building CXX object CMakeFiles\xar_ck3_bridge.dir\src\current_actor_stress_adjustment_v1.cpp.obj
[477/502] Building CXX object CMakeFiles\xar_confucian_assembly_predicates_v1_test.dir\src\ck3_12002_phase_character.cpp.obj
[478/502] Linking CXX executable xar_confucian_assembly_predicates_v1_test.exe
[479/502] Building CXX object CMakeFiles\xar_ck3_bridge.dir\src\combat_phase_event_trace_ring_v1.cpp.obj
[480/502] Building CXX object CMakeFiles\xar_ck3_bridge.dir\src\combat_scoped_transition_chain_v1.cpp.obj
[481/502] Building CXX object CMakeFiles\xar_ck3_bridge.dir\src\ordinary_interaction_mailbox_v1.cpp.obj
[482/502] Building CXX object CMakeFiles\xar_ck3_bridge.dir\src\current_actor_stress_adjustment_v1_mailbox.cpp.obj
[483/502] Building CXX object CMakeFiles\xar_ck3_bridge.dir\src\combat_scoped_transition_chain_v1_wire.cpp.obj
[484/502] Building CXX object CMakeFiles\xar_confucian_religious_title_readback_v1_test.dir\src\ck3_12003_title_properties_leaf.cpp.obj
cl: √¸¡Ó–– warning D9025 :’˝‘⁄÷ÿ–¥°∞/DNDEBUG°±(”√°∞/UNDEBUG°±)
[485/502] Building CXX object CMakeFiles\xar_confucian_challenger_graph_v1_test.dir\src\ck3_12003_title_properties_leaf.cpp.obj
cl: √¸¡Ó–– warning D9025 :’˝‘⁄÷ÿ–¥°∞/DNDEBUG°±(”√°∞/UNDEBUG°±)
[486/502] Building CXX object CMakeFiles\xar_ck3_12002_event_window_context_test.dir\src\ck3_12002_event_window_context_test.cpp.obj
cl: √¸¡Ó–– warning D9025 :’˝‘⁄÷ÿ–¥°∞/DNDEBUG°±(”√°∞/UNDEBUG°±)
[487/502] Building CXX object CMakeFiles\xar_confucian_challenger_graph_v1_test.dir\src\ck3_12003_title_laws_leaf.cpp.obj
cl: √¸¡Ó–– warning D9025 :’˝‘⁄÷ÿ–¥°∞/DNDEBUG°±(”√°∞/UNDEBUG°±)
[488/502] Building CXX object CMakeFiles\xar_confucian_religious_title_readback_v1_test.dir\tests\ck3_12003_religious_title_readback_fixture.cpp.obj
cl: √¸¡Ó–– warning D9025 :’˝‘⁄÷ÿ–¥°∞/DNDEBUG°±(”√°∞/UNDEBUG°±)
[489/502] Building CXX object CMakeFiles\xar_confucian_religious_title_readback_v1_test.dir\src\ck3_12003_title_laws_leaf.cpp.obj
cl: √¸¡Ó–– warning D9025 :’˝‘⁄÷ÿ–¥°∞/DNDEBUG°±(”√°∞/UNDEBUG°±)
[490/502] Building CXX object CMakeFiles\xar_confucian_challenger_graph_v1_test.dir\src\ck3_12003_religious_title_readback.cpp.obj
cl: √¸¡Ó–– warning D9025 :’˝‘⁄÷ÿ–¥°∞/DNDEBUG°±(”√°∞/UNDEBUG°±)
[491/502] Building CXX object CMakeFiles\xar_confucian_religious_title_readback_v1_test.dir\src\ck3_12003_religious_title_readback.cpp.obj
cl: √¸¡Ó–– warning D9025 :’˝‘⁄÷ÿ–¥°∞/DNDEBUG°±(”√°∞/UNDEBUG°±)
[492/502] Linking CXX executable xar_confucian_religious_title_readback_v1_test.exe
[493/502] Building CXX object CMakeFiles\xar_ck3_main_thread_query_mailbox_v1_test.dir\src\main_thread_query_mailbox_v1_test.cpp.obj
[494/502] Linking CXX executable xar_ck3_main_thread_query_mailbox_v1_test.exe
[495/502] Building CXX object CMakeFiles\xar_confucian_challenger_graph_v1_test.dir\tests\ck3_12003_challenger_graph_fixture.cpp.obj
cl: √¸¡Ó–– warning D9025 :’˝‘⁄÷ÿ–¥°∞/DNDEBUG°±(”√°∞/UNDEBUG°±)
[496/502] Building CXX object CMakeFiles\xar_confucian_challenger_graph_v1_test.dir\src\ck3_12003_challenger_graph_readback.cpp.obj
cl: √¸¡Ó–– warning D9025 :’˝‘⁄÷ÿ–¥°∞/DNDEBUG°±(”√°∞/UNDEBUG°±)
[497/502] Linking CXX executable xar_confucian_challenger_graph_v1_test.exe
[498/502] Building CXX object CMakeFiles\xar_ck3_bridge.dir\src\scoped_character_variable_monitor_v1.cpp.obj
[499/502] Building CXX object CMakeFiles\xar_ck3_bridge.dir\src\combat_phase_event_trace_managed_v1.cpp.obj
[500/502] Linking CXX shared library xar_ck3_bridge.dll
[501/502] Linking CXX executable xar_ck3_12002_event_window_context_test.exe
{
  "schema": "xar.native.msvc-build.v1",
  "source_dir": "C:\\lr16s6\\ck3_autonomous_player\\native_bridge",
  "build_dir": "C:\\lr16b6",
  "configuration": "Release",
  "jobs": 64,
  "targets": [
    "xar_ck3_bridge",
    "xar_ck3_bridge_injector",
    "xar_confucian_assembly_predicates_v1_test",
    "xar_confucian_religious_title_readback_v1_test",
    "xar_confucian_challenger_graph_v1_test",
    "xar_ck3_main_thread_query_mailbox_v1_test",
    "xar_ck3_12002_event_window_context_test"
  ],
  "tools": {
    "vcvars64": "C:\\Program Files\\Microsoft Visual Studio\\18\\Community\\VC\\Auxiliary\\Build\\vcvars64.bat",
    "cmake": "C:\\Program Files\\Microsoft Visual Studio\\18\\Community\\Common7\\IDE\\CommonExtensions\\Microsoft\\CMake\\CMake\\bin\\cmake.exe",
    "ninja": "C:\\Program Files\\Microsoft Visual Studio\\18\\Community\\Common7\\IDE\\CommonExtensions\\Microsoft\\CMake\\Ninja\\ninja.exe",
    "cl": "C:\\Program Files\\Microsoft Visual Studio\\18\\Community\\VC\\Tools\\MSVC\\14.51.36231\\bin\\HostX64\\x64\\cl.exe"
  },
  "local_ck3_contacted": false,
  "temporary_dir": "C:\\lr16b6\\.msvc-temp",
  "python_cache": "C:\\lr16b6\\.python-cache",
  "configured": true,
  "built": true,
  "dependency_prefix_mode": "direct-2052-cp936",
  "status": "built_defender_registration_failed",
  "build_succeeded": true,
  "defender_exclusions": {
    "status": "settings_failed",
    "manifest": "C:\\lr16b6\\defender-exe-exclusions\\20261006T230217Z-aab09956\\manifest.json",
    "receipt": "C:\\lr16b6\\defender-exe-exclusions\\20261006T230217Z-aab09956\\receipt.json",
    "receipt_sha256": "a2fb19dd477828fa858101f576fd4cb5719e5241f76c620ae6550495c40b8afc",
    "error": "(-2147352567, 'ÂèëÁîüÊÑèÂ§ñ„ÄÇ', (0, 'SWbemObjectEx', 'Â∏∏ËßÑÊïÖÈöú ', None, 0, -2147217407), None)"
  }
}
