static	Check product and builder	﻿2026-10-06T23:55:24.8165512Z ##[group]Run python mod_li_yu_dao/tools/validate_static.py --report /tmp/lyd-static.json
static	Check product and builder	2026-10-06T23:55:24.8166180Z ^[[36;1mpython mod_li_yu_dao/tools/validate_static.py --report /tmp/lyd-static.json^[[0m
static	Check product and builder	2026-10-06T23:55:24.8166658Z ^[[36;1mpython mod_li_yu_dao/tools/test_build_release.py^[[0m
static	Check product and builder	2026-10-06T23:55:24.8167048Z ^[[36;1mpython mod_li_yu_dao/tools/test_run_acceptance.py^[[0m
static	Check product and builder	2026-10-06T23:55:24.8167589Z ^[[36;1mpython mod_li_yu_dao/tools/test_school_consent.py^[[0m
static	Check product and builder	2026-10-06T23:55:24.8168096Z ^[[36;1mpython mod_li_yu_dao/tools/test_c2_preview_scope.py --report /tmp/lyd-c2-preview-scope.json^[[0m
static	Check product and builder	2026-10-06T23:55:24.8168629Z ^[[36;1mpython mod_li_yu_dao/tools/test_content_leadership.py^[[0m
static	Check product and builder	2026-10-06T23:55:24.8169042Z ^[[36;1mpython mod_li_yu_dao/tools/test_institution_candidate.py^[[0m
static	Check product and builder	2026-10-06T23:55:24.8169459Z ^[[36;1mpython mod_li_yu_dao/tools/test_institution_detached.py^[[0m
static	Check product and builder	2026-10-06T23:55:24.8170012Z ^[[36;1mpython mod_li_yu_dao/tools/test_c3_i3b_preview_scope.py --report /tmp/lyd-c3-i3b-preview-scope.json^[[0m
static	Check product and builder	2026-10-06T23:55:24.8170604Z ^[[36;1mpython mod_li_yu_dao/tools/build_release.py --check^[[0m
static	Check product and builder	2026-10-06T23:55:24.8232622Z shell: /usr/bin/bash -e {0}
static	Check product and builder	2026-10-06T23:55:24.8232878Z env:
static	Check product and builder	2026-10-06T23:55:24.8233146Z   pythonLocation: /opt/hostedtoolcache/Python/3.13.15/x64
static	Check product and builder	2026-10-06T23:55:24.8233635Z   PKG_CONFIG_PATH: /opt/hostedtoolcache/Python/3.13.15/x64/lib/pkgconfig
static	Check product and builder	2026-10-06T23:55:24.8234079Z   Python_ROOT_DIR: /opt/hostedtoolcache/Python/3.13.15/x64
static	Check product and builder	2026-10-06T23:55:24.8234804Z   Python2_ROOT_DIR: /opt/hostedtoolcache/Python/3.13.15/x64
static	Check product and builder	2026-10-06T23:55:24.8235199Z   Python3_ROOT_DIR: /opt/hostedtoolcache/Python/3.13.15/x64
static	Check product and builder	2026-10-06T23:55:24.8235581Z   LD_LIBRARY_PATH: /opt/hostedtoolcache/Python/3.13.15/x64/lib
static	Check product and builder	2026-10-06T23:55:24.8235903Z ##[endgroup]
static	Check product and builder	2026-10-06T23:55:25.0651748Z {
static	Check product and builder	2026-10-06T23:55:25.0652564Z   "result": "GREEN",
static	Check product and builder	2026-10-06T23:55:25.0653236Z   "layer": "L0-static",
static	Check product and builder	2026-10-06T23:55:25.0653627Z   "errors": [],
static	Check product and builder	2026-10-06T23:55:25.0653944Z   "runtime_file_count": 70,
static	Check product and builder	2026-10-06T23:55:25.0654578Z   "runtime_sha256": {
static	Check product and builder	2026-10-06T23:55:25.0655455Z     "common/character_interactions/lyd_c2_consent_interactions.txt": "fcfa7662701e48d83ddf9ac6eef007952d55c6cec50ffa04805cef0bea572300",
static	Check product and builder	2026-10-06T23:55:25.0656994Z     "common/character_interactions/lyd_c3_teacher_interactions.txt": "3b850035d9f6f506c4d7c3f839c2ccf1894f753a445a90bde93b0242fc2645f7",
static	Check product and builder	2026-10-06T23:55:25.0658514Z     "common/character_interactions/lyd_i3b_nomination_interactions.txt": "410ebb1a28542f160a9b45a49c017d15dacc39c375c4d358616301c577c2bb98",
static	Check product and builder	2026-10-06T23:55:25.0659985Z     "common/character_interactions/lyd_interactions.txt": "dd6287ded00bef768aa7698d6350394b9f2840c5fb37f7d2381269f41300b5ba",
static	Check product and builder	2026-10-06T23:55:25.0661269Z     "common/decisions/lyd_c2_consent_decisions.txt": "92d7098453c13ea968e2c1979fc324492b6a2a0e6a734f645585aec7a7cec549",
static	Check product and builder	2026-10-06T23:55:25.0662556Z     "common/decisions/lyd_c3_leadership_decisions.txt": "26ecc7d082c5065645e27fee263e70474f450aa4331258b05a5a2373b5bde6ba",
static	Check product and builder	2026-10-06T23:55:25.0663785Z     "common/decisions/lyd_decisions.txt": "66bc7c5f6f2967081ec0c4bbdd06fa9e92f73a6bcfe407641405ab89209c642e",
static	Check product and builder	2026-10-06T23:55:25.0665222Z     "common/decisions/lyd_i3b_institution_decisions.txt": "d5195d67d80d28171d3b805d0bd4dc94b4bdd85598341f598e37877a75f19019",
static	Check product and builder	2026-10-06T23:55:25.0666481Z     "common/on_action/lyd_c3_lifecycle_on_actions.txt": "19c1773ebb82bbfe75d95a629f9ffda73a521c9afe0060cf55f438a2b96fe19b",
static	Check product and builder	2026-10-06T23:55:25.0667883Z     "common/religion/faith_types/lyd_faiths.txt": "094e3bbbe2c0139c5c736785018e4cd2ef6a18265321d2ae1f744dfa7d4a7525",
static	Check product and builder	2026-10-06T23:55:25.0669251Z     "common/religion/rite_types/lyd_rites.txt": "1106d2e9b06bbddb6cc3ab663d19b2e4e7863325ec63d67c776c694eb513ca17",
static	Check product and builder	2026-10-06T23:55:25.0670622Z     "common/religion/tenet_types/lyd_tenets.txt": "1a2b4a4f4729b2ac475c1c2a70a3734525ecd31ae50861b002adcf1003a2920e",
static	Check product and builder	2026-10-06T23:55:25.0672053Z     "common/script_values/lyd_c2_consent_values.txt": "9bcf4e339655e15604922ab4c2f660d6c94bc06c3b450f64c961ea847f06deae",
static	Check product and builder	2026-10-06T23:55:25.0673811Z     "common/script_values/lyd_i3b_institution_values.txt": "61df8e591ac291644b103279d69665ed35f68c4f3aa63e286576583c8fae0156",
static	Check product and builder	2026-10-06T23:55:25.0675513Z     "common/scripted_effects/lyd_c2_close_effects.txt": "7c30cac442831db919761b3f494a8f4858161e43ae09314de9e3c488f590ae01",
static	Check product and builder	2026-10-06T23:55:25.0676876Z     "common/scripted_effects/lyd_c2_commit_effects.txt": "79d1c4b6ff7fcbff40357252e2d18808993b1d53158bcc47e0681776a06909c6",
static	Check product and builder	2026-10-06T23:55:25.0678313Z     "common/scripted_effects/lyd_c2_head_effects.txt": "cd1f2b8a9adb9816db16924fb20f6d6d559db479d1fe35f22b06bef611f0228b",
static	Check product and builder	2026-10-06T23:55:25.0679635Z     "common/scripted_effects/lyd_c2_response_effects.txt": "1a97eed607f9a709779a19ea4f8381d27192575beba72b88ddfcbe316ed32c47",
static	Check product and builder	2026-10-06T23:55:25.0681118Z     "common/scripted_effects/lyd_c2_setup_effects.txt": "4cc2141e73c2a7dae383ca875b3542e6f05065830fc4a8f51d33807fe9182a21",
static	Check product and builder	2026-10-06T23:55:25.0682522Z     "common/scripted_effects/lyd_c2_snapshot_effects.txt": "69cf863ee19bea6aa6058974af0cb15b688e8e6900b8f436f2eefa3f2d64bc73",
static	Check product and builder	2026-10-06T23:55:25.0683897Z     "common/scripted_effects/lyd_c2_vote_effects.txt": "f78261ec7cb4bb3a1de58070e6c43dbb685c17e93e6e7dae4bd8fd044d67a704",
static	Check product and builder	2026-10-06T23:55:25.0685575Z     "common/scripted_effects/lyd_c3_challenger_effects.txt": "614bf8e687ea4b8ecb122ec6de4f776d9ef449ed8a54dceff1e9b356b11cb15b",
static	Check product and builder	2026-10-06T23:55:25.0687097Z     "common/scripted_effects/lyd_c3_council_effects.txt": "6e1a686065911cce27270cafa7c1ac3d86b69b14eca2a5e5c6e87b435b7a01ff",
static	Check product and builder	2026-10-06T23:55:25.0688543Z     "common/scripted_effects/lyd_c3_head_factory.txt": "383e121e41bc730d90c478fffe39679b9cd0d5ccf0db95cd4945a15443530141",
static	Check product and builder	2026-10-06T23:55:25.0689970Z     "common/scripted_effects/lyd_c3_lifecycle_effects.txt": "2f24596786693f6e60a32b7007d8d54b2620cdfade681896876823554591ce88",
static	Check product and builder	2026-10-06T23:55:25.0691434Z     "common/scripted_effects/lyd_c3_migration_hooks.txt": "a13cec21b7e113e1d89a3a8228e760e30aa607704f65ae3db848208e22cac75b",
static	Check product and builder	2026-10-06T23:55:25.0692807Z     "common/scripted_effects/lyd_entry_effects.txt": "c90dbf266ac45b38fa1e62acfeb7027afc3eb666997b95bdf03e0a4738c1227e",
static	Check product and builder	2026-10-06T23:55:25.0694466Z     "common/scripted_effects/lyd_i3b_commit_effects.txt": "deb4229267593e88f3ed21a8b1b4611ae2e30f9ad6e3ee18d4119f37e58362ec",
static	Check product and builder	2026-10-06T23:55:25.0695948Z     "common/scripted_effects/lyd_i3b_response_effects.txt": "cb5e9f9cc16cd6d12ffabf191e34490769bd1f6cc320dfdf0e0e3dde003b11e6",
static	Check product and builder	2026-10-06T23:55:25.0697354Z     "common/scripted_effects/lyd_i3b_setup_effects.txt": "1642d32f82334a97a760a53e22d072d8f1b6ffcb1ba29a8ee71af21a8c071207",
static	Check product and builder	2026-10-06T23:55:25.0698626Z     "common/scripted_effects/lyd_i3b_terms_effects.txt": "e7d688e2b183fc9cec86c1df5646f463e6ac2b84c7132eb9a3009f42eab29633",
static	Check product and builder	2026-10-06T23:55:25.0699972Z     "common/scripted_effects/lyd_practice_10_effects.txt": "3ca648c00476c6360777685f95892ba881b370028aac6421f27dc327ddd6d873",
static	Check product and builder	2026-10-06T23:55:25.0701338Z     "common/scripted_effects/lyd_practice_11_effects.txt": "bbb2ffc2af52aa54b3753147e6adab8f3d3fa191cc32072094a354a4b145c7f1",
static	Check product and builder	2026-10-06T23:55:25.0702827Z     "common/scripted_effects/lyd_practice_12_effects.txt": "4a11f39e7ad438971f9197eea0250a82dcfa5320ab5308157c6aec33a1178949",
static	Check product and builder	2026-10-06T23:55:25.0704402Z     "common/scripted_effects/lyd_practice_13_effects.txt": "f20eab97c7fa78b98e986d427627b37578faff2fea17b0ddfad9c879b0f4d68c",
static	Check product and builder	2026-10-06T23:55:25.0705701Z     "common/scripted_effects/lyd_practice_14_effects.txt": "dba733183cc1c66355a44b6ce78e8f3d91ef35b0464ae7da6127dc8ebf7bbf92",
static	Check product and builder	2026-10-06T23:55:25.0707114Z     "common/scripted_effects/lyd_practice_1_effects.txt": "5699236f0e3eceedd56aa41bbbd0d3758730a5c594871cc09ae38a779cef4de7",
static	Check product and builder	2026-10-06T23:55:25.0708522Z     "common/scripted_effects/lyd_practice_2_effects.txt": "9a6d6cc954afe24a79098ba7b623bf0ba0d10ffe119ad850a9db91e362e61879",
static	Check product and builder	2026-10-06T23:55:25.0709941Z     "common/scripted_effects/lyd_practice_3_effects.txt": "e82537a3d7bce82ea231baa7b5311ea628916e5cd3df7421a0fdffca92ee9131",
static	Check product and builder	2026-10-06T23:55:25.0711358Z     "common/scripted_effects/lyd_practice_4_effects.txt": "c4e215a15a98159b9f49d94937a0e81a7c1a5366e2fbe03b091f1962f27f1d52",
static	Check product and builder	2026-10-06T23:55:25.0713023Z     "common/scripted_effects/lyd_practice_5_effects.txt": "fcb35efef5e5e766befbd3caa5ad8dc7faf5baea3f1852254759ece65dd4fd38",
static	Check product and builder	2026-10-06T23:55:25.0714642Z     "common/scripted_effects/lyd_practice_6_effects.txt": "731324e20ebd99a8f20e2a1a97473b091d497ac37f33fdefad1a1c0810fb8ee9",
static	Check product and builder	2026-10-06T23:55:25.0716207Z     "common/scripted_effects/lyd_practice_7_effects.txt": "b5e27005dbea499d63716ba9956996ecd2948dade6d46833ad1df3596079de8f",
static	Check product and builder	2026-10-06T23:55:25.0717609Z     "common/scripted_effects/lyd_practice_8_effects.txt": "e6c9ad63b57f81e9ff57f0cc146859d2c9b281225f859ffefe101aad9c0a80bf",
static	Check product and builder	2026-10-06T23:55:25.0719040Z     "common/scripted_effects/lyd_practice_9_effects.txt": "f24b7fcff5d34c21e2186b498a4ef0e7dfcb810ee5bb8ff5321ac8d2cafd2cb0",
static	Check product and builder	2026-10-06T23:55:25.0720492Z     "common/scripted_effects/lyd_school_2_effects.txt": "7d730f4fd8e01d9664b44dd8df607c56df1850425b0cc04ab834d891cc127491",
static	Check product and builder	2026-10-06T23:55:25.0721894Z     "common/scripted_effects/lyd_school_3_effects.txt": "88230a78a2d27285b11a805c6762e78f2d3c2b472d1f61c862fd9117f0705eab",
static	Check product and builder	2026-10-06T23:55:25.0723280Z     "common/scripted_effects/lyd_school_4_effects.txt": "e2c098a86e9f39fcec43bffc74b57f0573c60e59faf5db7edf872b197f253234",
static	Check product and builder	2026-10-06T23:55:25.0724918Z     "common/scripted_effects/lyd_school_5_effects.txt": "24395a459573ef5f9ad0e066a88fb9d5e7895e04f5527e88103f1f5ab0a9414a",
static	Check product and builder	2026-10-06T23:55:25.0726323Z     "common/scripted_effects/lyd_school_effects.txt": "d9b1456c4a5e7610807ae7e61f4bbfdc8b432968d776befcbd32abd5e6dc6008",
static	Check product and builder	2026-10-06T23:55:25.0727804Z     "common/scripted_triggers/lyd_c2_consent_triggers.txt": "43138d5aced84baec5f381752c4bd0a4f416b231ea9a06d812807b361ec4bda3",
static	Check product and builder	2026-10-06T23:55:25.0729386Z     "common/scripted_triggers/lyd_c3_leadership_triggers.txt": "de5f8313d09b31f43e93fbb49f5d0e83ab7e9d56f01ea19fdffe17d5af1b1c34",
static	Check product and builder	2026-10-06T23:55:25.0731030Z     "common/scripted_triggers/lyd_i3b_institution_triggers.txt": "9b68035c844c9804e0ac80adc8b08a1d663bbfe97da0ab0ea7234879f5b8ff3e",
static	Check product and builder	2026-10-06T23:55:25.0732484Z     "common/scripted_triggers/lyd_player_triggers.txt": "8c5cc31aef3e5c5462a880f42a742fbe566e25aafb5cc66d6605876dc4feed1e",
static	Check product and builder	2026-10-06T23:55:25.0733590Z     "descriptor.mod": "20f413d234c3c42c3f797c2cad72995ea7d41debd583dc31e7a6d326f769383b",
static	Check product and builder	2026-10-06T23:55:25.0734924Z     "events/lyd_c2_consent_events.txt": "f1843116ea2562d6ddc39fd6068134ef8da634772a720db14f47162dc47b7284",
static	Check product and builder	2026-10-06T23:55:25.0736121Z     "events/lyd_c3_leadership_events.txt": "6020f6e1f76c9663a8fdc7e627c802f82e6af2cd0498074a1b130da310f1b062",
static	Check product and builder	2026-10-06T23:55:25.0737289Z     "events/lyd_events.txt": "2a7c2cf955659681a7c29b67db6393c40e986f4ec9bd187237e98bc19ac42f24",
static	Check product and builder	2026-10-06T23:55:25.0738462Z     "events/lyd_i3b_institution_events.txt": "906c9b689418157bf29bac201c8ca5a2cf1ba99b6802da896caf64ae61213e02",
static	Check product and builder	2026-10-06T23:55:25.0739783Z     "history/faiths/lyd_faith_history.txt": "d3f44db69e11ad49f4707e3433df6c4c542073bc245042578ded3c30940df19d",
static	Check product and builder	2026-10-06T23:55:25.0741211Z     "localization/english/lyd_c2_consent_l_english.yml": "4c1be606b3bb24324c1f6552a234b0e8fc109cd6aef7db529bcf88d427b15d35",
static	Check product and builder	2026-10-06T23:55:25.0742629Z     "localization/english/lyd_c3_leadership_l_english.yml": "bc292b3251cd606acbbc031ab9626845efe929f9be9c01a3521d41a934bdce77",
static	Check product and builder	2026-10-06T23:55:25.0744113Z     "localization/english/lyd_content_l_english.yml": "287498e26ddd657db91d1fded99ca671628ef2409f7f56aa86110cabd63d4a78",
static	Check product and builder	2026-10-06T23:55:25.0745706Z     "localization/english/lyd_i3b_institution_l_english.yml": "7fb7976bef47c74c456ad0237e90e0d0f5f0510b0605168e53c89f1e3798a2f2",
static	Check product and builder	2026-10-06T23:55:25.0747131Z     "localization/english/lyd_runtime_l_english.yml": "f2959daa69931f05633bb5c2280b36a2789858b0977360301388efe0794e0199",
static	Check product and builder	2026-10-06T23:55:25.0748540Z     "localization/simp_chinese/lyd_c2_consent_l_simp_chinese.yml": "a14b163909579be11559dda1b7b076103593a5e3c35063bc18db51cb2f9db504",
static	Check product and builder	2026-10-06T23:55:25.0750071Z     "localization/simp_chinese/lyd_c3_leadership_l_simp_chinese.yml": "c9b7a294c4113fe1df1b3065a58db9fdd2cd87e0f548cda8cabbefad05b54ea6",
static	Check product and builder	2026-10-06T23:55:25.0751894Z     "localization/simp_chinese/lyd_content_l_simp_chinese.yml": "4e93e04d6c894eb549f807bbde9ea1f13a0d43cac202ca30efbcf18221db799f",
static	Check product and builder	2026-10-06T23:55:25.0753477Z     "localization/simp_chinese/lyd_i3b_institution_l_simp_chinese.yml": "9bfa7f430d16ab6c42ea61a698a9e57ca4b05cad72d65f49c47f0a1fc02a7439",
static	Check product and builder	2026-10-06T23:55:25.0755443Z     "localization/simp_chinese/lyd_runtime_l_simp_chinese.yml": "cdfe4417a8dbd32e04c69a025c5adce08741c22526c4e647069169018c6a6fca"
static	Check product and builder	2026-10-06T23:55:25.0756408Z   },
static	Check product and builder	2026-10-06T23:55:25.0756728Z   "localization_key_count": 902,
static	Check product and builder	2026-10-06T23:55:25.0757138Z   "event_count": 70,
static	Check product and builder	2026-10-06T23:55:25.0757558Z   "parser": "repository Clausewitz structural AST",
static	Check product and builder	2026-10-06T23:55:25.0758072Z   "live": "NOT_RUN",
static	Check product and builder	2026-10-06T23:55:25.0758420Z   "not_proven": [
static	Check product and builder	2026-10-06T23:55:25.0758773Z     "native scope/effect semantics",
static	Check product and builder	2026-10-06T23:55:25.0759215Z     "faith/rite migration",
static	Check product and builder	2026-10-06T23:55:25.0759613Z     "authorization consent",
static	Check product and builder	2026-10-06T23:55:25.0760027Z     "NPC chain state",
static	Check product and builder	2026-10-06T23:55:25.0760389Z     "DLC/UI",
static	Check product and builder	2026-10-06T23:55:25.0760716Z     "save reload",
static	Check product and builder	2026-10-06T23:55:25.0761051Z     "installed-game identity"
static	Check product and builder	2026-10-06T23:55:25.0761386Z   ]
static	Check product and builder	2026-10-06T23:55:25.0761693Z }
static	Check product and builder	2026-10-06T23:55:25.2255742Z Traceback (most recent call last):
static	Check product and builder	2026-10-06T23:55:25.2264662Z   File "/home/runner/work/ck3_eternal_recurrence/ck3_eternal_recurrence/mod_li_yu_dao/tools/test_build_release.py", line 12, in <module>
static	Check product and builder	2026-10-06T23:55:25.2265746Z     import validate_static as static
static	Check product and builder	2026-10-06T23:55:25.2266715Z   File "/home/runner/work/ck3_eternal_recurrence/ck3_eternal_recurrence/tools/validate_static.py", line 12, in <module>
static	Check product and builder	2026-10-06T23:55:25.2267600Z     from PIL import Image
static	Check product and builder	2026-10-06T23:55:25.2268018Z ModuleNotFoundError: No module named 'PIL'
static	Check product and builder	2026-10-06T23:55:25.2381119Z ##[error]Process completed with exit code 1.
