Input #0, matroska,webm, from 'C:\ck3-war-episode04-research-20261004-a01\r0177-raw-abc-a2-continuation-a02\raw.mkv':
  Metadata:
    ENCODER         : Lavf63.1.101
  Duration: 00:48:04.97, start: 0.000000, bitrate: 12126 kb/s
  Stream #0:0: Video: h264 (Constrained Baseline), yuv420p(tv, progressive), 1920x1080, 30 fps, 30 tbr, 1k tbn
    Metadata:
      ENCODER         : Lavc63.1.101 libx264
      DURATION        : 00:48:04.966000000
Stream mapping:
  Stream #0:0 -> #0:0 (h264 (native) -> png (native))
[Parsed_showinfo_1 @ 00000207cb609140] config in time_base: 1/1000, frame_rate: 30/1
[Parsed_showinfo_1 @ 00000207cb609140] config out time_base: 0/0, frame_rate: 0/0
[Parsed_showinfo_1 @ 00000207cb609140] n:   0 pts:1735000 pts_time:1735    duration:     33 duration_time:0.033   fmt:yuv420p cl:left sar:0/1 s:1920x1080 i:P iskey:0 type:P checksum:69382391 plane_checksum:[F243D56E C6326580 0341E885] mean:[83 126 127] stdev:[23.5 8.6 7.4]
[Parsed_showinfo_1 @ 00000207cb609140] color_range:tv color_space:unknown color_primaries:unknown color_trc:unknown
Output #0, image2, to 'C:\ck3-war-episode04-research-20261004-a01\r0177-continuation-media-tools-a01\encoded-candidates-a01\r0177-continuation-01\candidate-%02d.png':
  Metadata:
    encoder         : Lavf63.1.101
  Stream #0:0: Video: png, rgb24(pc, gbr/unknown/unknown, progressive), 1920x1080, q=2-31, 200 kb/s, 30 fps, 30 tbn
    Metadata:
      encoder         : Lavc63.1.101 png
      DURATION        : 00:48:04.966000000
[out#0/image2 @ 00000207c96a6680] video:2452KiB audio:0KiB subtitle:0KiB other streams:0KiB global headers:0KiB muxing overhead: unknown
frame=    1 fps=0.0 q=-0.0 Lsize=N/A time=00:00:00.00 bitrate=N/A speed=   0x elapsed=0:00:00.99    
